C51 COMPILER V9.60.0.0   RL6449_SERIES_MEMORY                                              04/23/2026 13:54:49 PAGE 1   


C51 COMPILER V9.60.0.0, COMPILATION OF MODULE RL6449_SERIES_MEMORY
OBJECT MODULE PLACED IN .\Output\RL6449_Project\RL6449_Series_Memory.obj
COMPILER INVOKED BY: C:\Keil_v5\C51\BIN\C51.EXE Kernel\Scaler\RL6449_Series_Scaler\Code\RL6449_Series_Memory.c LARGE OPT
                    -IMIZE(9,SPEED) INCDIR(.\Output\RL6449_Project;.\Project\Header;.\Pcb;.\Panel;.\Kernel\Device\Header;.\Kernel\Common;.\Ke
                    -rnel\System\Header;.\Kernel\Scaler\ScalerFunction\Header;.\Kernel\Scaler\ScalerCommonFunction\Header;.\Kernel\Scaler\Sca
                    -lerFunction\Lib\Header;.\Kernel\Scaler\ScalerCommonFunction\Lib\Header;.\Kernel\Scaler\RL6449_Series_Scaler\Header;.\Ker
                    -nel\Scaler\RL6449_Series_Scaler\Lib\Header;.\Kernel\Scaler\RL6449_Series_Common\Header;.\Kernel\Scaler\RL6449_Series_Com
                    -mon\Lib\Header;.\Kernel\User Common Function\Header;.\User\RTD Series\RTD2014Function\Header;.\User\RTD Series\RTD2014Os
                    -d\Header;.\User\RTD Factory\Header;.\User\None Series\NoneFunction\Header;.\User\None Series\NoneOsd\Header;.\User\None 
                    -Factory\Header;.\User\RTD Factory\Code) DEFINE(_PROJECT=_RL6449_PROJECT,_SCALER_TYPE=_RL6449_SERIES) DEBUG OBJECTEXTEND 
                    -PRINT(.\Output\RL6449_Project\RL6449_Series_Memory.lst) TABS(2) OBJECT(.\Output\RL6449_Project\RL6449_Series_Memory.obj)

line level    source

   1          /********************************************************************************/
   2          /*   Copyright (c) 2021 Realtek Semiconductor Corp. All rights reserved.        */
   3          /*                                                                              */
   4          /*   SPDX-License-Identifier: LicenseRef-Realtek-Proprietary                    */
   5          /*                                                                              */
   6          /*   This software component is confidential and proprietary to Realtek         */
   7          /*   Semiconductor Corp. Disclosure, reproduction, redistribution, in whole     */
   8          /*   or in part, of this work and its derivatives without express permission    */
   9          /*   is prohibited.                                                             */
  10          /********************************************************************************/
  11          
  12          //----------------------------------------------------------------------------------------------------
  13          // ID Code      : RL6449_Series_Memory.c No.0000
  14          // Update Note  :
  15          //----------------------------------------------------------------------------------------------------
  16          
  17          #include "ScalerFunctionInclude.h"
  18          
  19          //****************************************************************************
  20          // DEFINITIONS / MACROS
  21          //****************************************************************************
  22          
  23          //****************************************************************************
  24          // STRUCT / TYPE / ENUM DEFINITTIONS
  25          //****************************************************************************
  26          
  27          //****************************************************************************
  28          // CODE TABLES
  29          //****************************************************************************
  30          
  31          //****************************************************************************
  32          // VARIABLE DECLARATIONS
  33          //****************************************************************************
  34          
  35          //****************************************************************************
  36          // FUNCTION DECLARATIONS
  37          //****************************************************************************
  38          void ScalerMemorySetFifoCapture(WORD usHWidth, WORD usVHeight);
  39          WORD ScalerMemoryGetFifoWidth(void);
  40          void ScalerMemoryFrameSyncSetDt(BYTE ucNum);
  41          DWORD ScalerMemoryGetIVS2DVSDelayPixel(void);
  42          void ScalerMemorySetFIFOFreq(EnumScalerFIFOFreq enumFIFOFreq);
  43          
  44          #if(_FRC_SUPPORT == _ON)
  45          void ScalerMemoryCalculateLineStepAndBlockStep(DWORD ulHorSize, WORD usVerSize, StructMemoryLineBlockStep 
             -*pstStep);
  46          #endif
C51 COMPILER V9.60.0.0   RL6449_SERIES_MEMORY                                              04/23/2026 13:54:49 PAGE 2   

  47          
  48          #if(_FREESYNC_SUPPORT == _ON)
              void ScalerMemorySetShiftOneLine(bit bEnable);
              #endif
  51          
  52          //****************************************************************************
  53          // FUNCTION DEFINITIONS
  54          //****************************************************************************
  55          //--------------------------------------------------
  56          // Description  : Set FIFO Capture
  57          // Input Value  : Input/Output H/V Active Region
  58          // Output Value : None
  59          //--------------------------------------------------
  60          void ScalerMemorySetFifoCapture(WORD usHWidth, WORD usVHeight)
  61          {
  62   1      #if(_FRC_SUPPORT == _ON)
  63   1      #if(_DISPLAY_ROTATION_SUPPORT == _ON)
  64   1          if(ScalerRotationCheckStatus() == _TRUE)
  65   1          {
  66   2              // Enable display frame sync fifo for rotation
  67   2              // ScalerSetDataPortBit(P0_2A_DISPLAY_FORMAT_ADDR_PORT, _P0_2B_PT_24_DISP_MAIN_FIFO_LEN_CTRL, ~_BI
             -T2, 0x00);
  68   2          }
  69   1          else
  70   1      #endif
  71   1      #endif
  72   1          {
  73   2              // ScalerSetDataPortBit(P0_2A_DISPLAY_FORMAT_ADDR_PORT, _P0_2B_PT_24_DISP_MAIN_FIFO_LEN_CTRL, ~_BI
             -T2, _BIT2);
  74   2          }
  75   1      
  76   1          ScalerSetDataPortByte(P0_30_FIFO_WINDOW_ADDR_PORT, (_P0_31_PT_00_DISPLAY_READ_WID_BSU_H), (((HIBYTE(us
             -HWidth) & 0x0F) << 4) | (HIBYTE(usVHeight) & 0x0F)));
  77   1          ScalerSetDataPortByte(P0_30_FIFO_WINDOW_ADDR_PORT, (_P0_31_PT_01_DISPLAY_READ_WID_BSU_L), LOBYTE(usHWi
             -dth));
  78   1          ScalerSetDataPortByte(P0_30_FIFO_WINDOW_ADDR_PORT, (_P0_31_PT_02_DISPLAY_READ_LEN_BSU_L), LOBYTE(usVHe
             -ight));
  79   1          ScalerSetDataPortBit(P0_30_FIFO_WINDOW_ADDR_PORT, (_P0_31_PT_03_DISPLAY_READ_WID_LEN_BSU_H), ~(_BIT4 |
             - _BIT0), (((usHWidth & 0x1000) >> 8) | ((usVHeight & 0x1000) >> 12)));
  80   1      
  81   1          // Set Pre-Read line
  82   1          ScalerSetByte(P5_A6_DISP_M1_PRRD_VST_H, HIBYTE(_PRE_READ_LINE_BUFFER));
  83   1          ScalerSetByte(P5_A7_DISP_M1_PRRD_VST_L, LOBYTE(_PRE_READ_LINE_BUFFER));
  84   1          ScalerSetByte(P45_A6_DISP_M2_PRRD_VST_H, HIBYTE(_PRE_READ_LINE_BUFFER));
  85   1          ScalerSetByte(P45_A7_DISP_M2_PRRD_VST_L, LOBYTE(_PRE_READ_LINE_BUFFER));
  86   1      
  87   1          // Set M1/ M2 Capture Line Pixel Number
  88   1          ScalerSetByte(P5_1F_CAP_M1_PIXEL_NUM_H, HIBYTE(usHWidth));
  89   1          ScalerSetByte(P5_20_CAP_M1_PIXEL_NUM_L, LOBYTE(usHWidth));
  90   1          ScalerSetByte(P45_1F_CAP_M2_PIXEL_NUM_H, HIBYTE(usHWidth));
  91   1          ScalerSetByte(P45_20_CAP_M2_PIXEL_NUM_L, LOBYTE(usHWidth));
  92   1      
  93   1          ScalerSetByte(P5_A2_DISP_M1_PXL_NUM_H, HIBYTE(usHWidth));
  94   1          ScalerSetByte(P5_A3_DISP_M1_PXL_NUM_L, LOBYTE(usHWidth));
  95   1          ScalerSetByte(P45_A2_DISP_M2_PXL_NUM_H, HIBYTE(usHWidth));
  96   1          ScalerSetByte(P45_A3_DISP_M2_PXL_NUM_L, LOBYTE(usHWidth));
  97   1      
  98   1          // Set M1/M2 Display Line Number
  99   1          ScalerSetByte(P5_21_CAP_M1_LINE_NUM_H, HIBYTE(usVHeight));
 100   1          ScalerSetByte(P5_22_CAP_M1_LINE_NUM_L, LOBYTE(usVHeight));
 101   1          ScalerSetByte(P45_21_CAP_M2_LINE_NUM_H, HIBYTE(usVHeight));
 102   1          ScalerSetByte(P45_22_CAP_M2_LINE_NUM_L, LOBYTE(usVHeight));
C51 COMPILER V9.60.0.0   RL6449_SERIES_MEMORY                                              04/23/2026 13:54:49 PAGE 3   

 103   1      
 104   1          ScalerSetByte(P5_A4_DISP_M1_LINE_NUM_H, HIBYTE(usVHeight));
 105   1          ScalerSetByte(P5_A5_DISP_M1_LINE_NUM_L, LOBYTE(usVHeight));
 106   1          ScalerSetByte(P45_A4_DISP_M2_LINE_NUM_H, HIBYTE(usVHeight));
 107   1          ScalerSetByte(P45_A5_DISP_M2_LINE_NUM_L, LOBYTE(usVHeight));
 108   1      
 109   1          if(GET_MEMORY_DATA_BIT() == (_COLOR_DEPTH_10_BITS * 3))
 110   1          {
 111   2              // Set M1/M2 Input Format 30 Bit
 112   2              ScalerSetBit(P5_AE_DISP_M1_DISP_CTRL2, ~_BIT7, _BIT7);
 113   2              ScalerSetBit(P45_AE_DISP_M2_DISP_CTRL2, ~_BIT7, _BIT7);
 114   2          }
 115   1          else
 116   1          {
 117   2              // Set M1/M2 Input Format 24 Bit
 118   2              ScalerSetBit(P5_AE_DISP_M1_DISP_CTRL2, ~_BIT7, 0x00);
 119   2              ScalerSetBit(P45_AE_DISP_M2_DISP_CTRL2, ~_BIT7, 0x00);
 120   2          }
 121   1      
 122   1          // FRC display double buffer apply
 123   1          ScalerSetBit(P5_AD_DISP_STATUS, ~_BIT4, _BIT4);
 124   1          ScalerSetBit(P45_AD_DISP_STATUS, ~_BIT4, _BIT4);
 125   1      }
 126          
 127          //--------------------------------------------------
 128          // Description  : Get fifo width
 129          // Input Value  : None
 130          // Output Value : Fifo width
 131          //--------------------------------------------------
 132          WORD ScalerMemoryGetFifoWidth(void)
 133          {
 134   1          //-------------------------------------------------
 135   1          // Get FIFO Input Width: 13 bit
 136   1          //-------------------------------------------------
 137   1          ScalerGetDataPortByte(P0_30_FIFO_WINDOW_ADDR_PORT, _P0_31_PT_00_DISPLAY_READ_WID_BSU_H, 1, &pData[2], 
             -_NON_AUTOINC);
 138   1          ScalerGetDataPortByte(P0_30_FIFO_WINDOW_ADDR_PORT, _P0_31_PT_01_DISPLAY_READ_WID_BSU_L, 1, &pData[3], 
             -_NON_AUTOINC);
 139   1          ScalerGetDataPortByte(P0_30_FIFO_WINDOW_ADDR_PORT, _P0_31_PT_03_DISPLAY_READ_WID_LEN_BSU_H, 1, &pData[
             -4], _NON_AUTOINC);
 140   1      
 141   1          PDATA_WORD(0) = ((((WORD)pData[4] << 8) & 0x1000) | (((WORD)pData[2] << 4) & 0xF00) | pData[3]);
 142   1      
 143   1          return PDATA_WORD(0);
 144   1      }
 145          
 146          //--------------------------------------------------
 147          // Description  : Setup Frame Sync Dt
 148          // Input Value  : ucNum: percentage of Dt
 149          // Output Value : None
 150          //--------------------------------------------------
 151          void ScalerMemoryFrameSyncSetDt(BYTE ucNum)
 152          {
 153   1          DWORD ulIVStoDVSPixels = 0;
 154   1          DWORD ulIVstart = 0;
 155   1          DWORD ulDVstart = 0;
 156   1          DWORD ulDt_percent = 0;
 157   1      
 158   1          // Calculate DVS to DH Active in ICLK
 159   1          ulDVstart = ((DWORD)g_stMDomainOutputData.usHTotal * g_stMDomainOutputData.usVStart) + g_stMDomainOutp
             -utData.usHStart;
 160   1          ulDVstart = ulDVstart * g_stMDomainInputData.usVHeight / g_stMDomainOutputData.usVHeight * g_stMDomain
C51 COMPILER V9.60.0.0   RL6449_SERIES_MEMORY                                              04/23/2026 13:54:49 PAGE 4   

             -InputData.usHTotal / g_stMDomainOutputData.usHTotal;
 161   1      
 162   1          // Calculate IVS to IH Active in ICLK
 163   1          ulIVstart = ((DWORD)g_stMDomainInputData.usHTotal * g_stMDomainInputData.usVStart) + g_stMDomainInputD
             -ata.usHStart;
 164   1      
 165   1          // IVS2DVS line skip disable
 166   1          ScalerSetBit(P0_43_FS_DELAY_FINE_TUNE, ~_BIT3, _BIT3);
 167   1      
 168   1          // Frame Sync Memory Settings
 169   1          if(GET_V_SCALE_UP() == _TRUE)    // Vertical Scaling Up
 170   1          {
 171   2              ulDt_percent = (DWORD)ScalerMemoryGetScaleUpDt() * ucNum / 50;
 172   2              ulIVstart += (DWORD)g_stMDomainInputData.usHTotal * ulDt_percent / 100;
 173   2          }
 174   1          else
 175   1          {
 176   2              // get FIFI Width
 177   2              PDATA_WORD(4) = (g_stMDomainInputData.usHWidth > g_stMDomainOutputData.usHWidth) ? g_stMDomainOutp
             -utData.usHWidth : g_stMDomainInputData.usHWidth;
 178   2      
 179   2              if(GET_V_SCALE_DOWN() == _TRUE)    // Vertical Scaling Down
 180   2              {
 181   3                  ulDt_percent = (g_stMDomainInputData.usHTotal * 1 + ((DWORD)g_stMDomainInputData.usHTotal * g_
             -stMDomainInputData.usVHeight / g_stMDomainOutputData.usVHeight * _M_DOMAMAIN_FIFO_BIT / GET_MEMORY_DATA_BIT() / PDATA_WO
             -RD(4)));
 182   3              }
 183   2              else    // Vertical Scaling Bypass
 184   2              {
 185   3                  ulDt_percent = g_stMDomainInputData.usHTotal * 2 + ((DWORD)g_stMDomainInputData.usHTotal * _M_
             -DOMAMAIN_FIFO_BIT / GET_MEMORY_DATA_BIT() / PDATA_WORD(4));
 186   3              }
 187   2              ulDt_percent = (ulDt_percent * 100) / g_stMDomainInputData.usHTotal;
 188   2              ulDt_percent = ulDt_percent * ucNum / 50;
 189   2              ulIVstart += (DWORD)g_stMDomainInputData.usHTotal * ulDt_percent / 100;
 190   2          }
 191   1      
 192   1      #if(_FREESYNC_SUPPORT == _ON)
                  if(GET_FREESYNC_ENABLED() == _TRUE)
                  {
                      if(ulIVstart <= ulDVstart)
                      {
                          // DVst - (IVst + Dt) in D-line
                          PDATA_DWORD(3) = (ulDVstart - ulIVstart) * g_stMDomainOutputData.usVHeight / g_stMDomainInputD
             -ata.usVHeight / g_stMDomainInputData.usHTotal + 1;
              
                          if(g_stMDomainOutputData.usVStart > PDATA_DWORD(3))
                          {
                              g_stMDomainOutputData.usVStart -= PDATA_DWORD(3);
                          }
                          else
                          {
                              g_stMDomainOutputData.usVStart = 1;
                              DebugMessageFS("FREESYNC Dt warning", 0);
                          }
                      }
                      else
                      {
                          // (IVst + Dt) - DVst in D-line
                          PDATA_DWORD(3) = (ulIVstart - ulDVstart) * g_stMDomainOutputData.usVHeight / g_stMDomainInputD
             -ata.usVHeight / g_stMDomainInputData.usHTotal;
              
C51 COMPILER V9.60.0.0   RL6449_SERIES_MEMORY                                              04/23/2026 13:54:49 PAGE 5   

                          g_stMDomainOutputData.usVStart += PDATA_DWORD(3);
                      }
              
                      // Calculate DVS to DH Active in ICLK
                      ulDVstart = ((DWORD)g_stMDomainOutputData.usHTotal * g_stMDomainOutputData.usVStart) + g_stMDomain
             -OutputData.usHStart;
                      ulDVstart = ulDVstart * g_stMDomainInputData.usVHeight / g_stMDomainOutputData.usVHeight * g_stMDo
             -mainInputData.usHTotal / g_stMDomainOutputData.usHTotal;
              
                      // IVS2DVS delay
                      ulIVStoDVSPixels = (ulIVstart > ulDVstart) ? (ulIVstart - ulDVstart) : 0;
                  }
                  else
              #endif
 227   1          {
 228   2              // If DVSt > (IVSt + Dt) means no further IVS2DVSDelay can be added!!
 229   2              // Preserve 2 line margin in advance
 230   2              PDATA_DWORD(3) = ulDVstart + 2 * g_stMDomainInputData.usHTotal;
 231   2      
 232   2              if(PDATA_DWORD(3) > ulIVstart)
 233   2              {
 234   3                  // Calculate insufficient line number
 235   3                  WORD usInsufficientLines = (PDATA_DWORD(3) - ulIVstart) / g_stMDomainInputData.usHTotal + 1;
 236   3      
 237   3                  DebugMessageFS("2. No Further IVS2DVSDelay Can Be Added", 0x00);
 238   3      
 239   3                  // Enlarge IVSt for insufficient lines
 240   3                  g_stMDomainInputData.usVStart += usInsufficientLines;
 241   3      
 242   3                  if(ScalerVgipGetDigitalCaptureStatus() == _FALSE)
 243   3                  {
 244   4                      // Set new IVSt under analog capture
 245   4                      ScalerVgipSetCaptureVStartPosition(g_stMDomainInputData.usVStart);
 246   4                  }
 247   3                  else
 248   3                  {
 249   4                      // Set new IVSt under digital capture
 250   4                      ScalerVgipSetCaptureVStartPosition((GET_INPUT_TIMING_VHEIGHT() - GET_MDOMAIN_INPUT_VHEIGHT
             -()) / 2 + usInsufficientLines);
 251   4                  }
 252   3      
 253   3                  // Modify Original (IVSt + Dt) Value
 254   3                  ulIVstart += (DWORD)usInsufficientLines * g_stMDomainInputData.usHTotal;
 255   3              }
 256   2      
 257   2              // Set IVS to DVS Delay
 258   2              PDATA_DWORD(0) = (ulIVstart > ulDVstart) ? (ulIVstart - ulDVstart) : 0;
 259   2      
 260   2              DebugMessageFS("Target IVS to DVS Delay Value", PDATA_DWORD(0) * 10 / g_stMDomainInputData.usHTota
             -l);
 261   2      
 262   2              // Get Current IVS2DVS Delay + DVS Width in Input Lines (Get Ceiling Value) + 1 line for margin
 263   2              PDATA_WORD(2) = (PDATA_DWORD(0) + (DWORD)(_PANEL_DV_SYNC_HEIGHT) * g_stMDomainInputData.usVHeight 
             -* g_stMDomainInputData.usHTotal / g_stMDomainOutputData.usVHeight) / g_stMDomainInputData.usHTotal + 1;
 264   2              PDATA_WORD(2) &= 0x1FFF;
 265   2      
 266   2              // Enlarge DVSt if IVS2DVS Delay + DVS Width is larger than IVSt
 267   2              if(PDATA_WORD(2) >= (g_stMDomainInputData.usVStart))
 268   2              {
 269   3                  DebugMessageFS("2. Target IVS2DVS Delay too Large", pData[5]);
 270   3      
 271   3                  // Get the difference between IVS2DVS Delay and IVSt
C51 COMPILER V9.60.0.0   RL6449_SERIES_MEMORY                                              04/23/2026 13:54:49 PAGE 6   

 272   3                  PDATA_WORD(2) = PDATA_WORD(2) - g_stMDomainInputData.usVStart + 1;
 273   3      
 274   3                  // Get Required Increment of DVSt
 275   3                  PDATA_WORD(2) = PDATA_WORD(2) * g_stMDomainOutputData.usVHeight / g_stMDomainInputData.usVHeig
             -ht + 1;
 276   3      
 277   3                  // Modify DVSt & background DVSt
 278   3                  g_stMDomainOutputData.usVStart += PDATA_WORD(2);
 279   3                  g_stMDomainOutputData.usVBackStart += PDATA_WORD(2);
 280   3      
 281   3                  // Modify IVS2DVS Delay
 282   3                  PDATA_DWORD(0) -= (DWORD)PDATA_WORD(2) * g_stMDomainInputData.usHTotal * g_stMDomainInputData.
             -usVHeight / g_stMDomainOutputData.usVHeight;
 283   3              }
 284   2      
 285   2              // Store IVS-to-DVS pixels
 286   2              ulIVStoDVSPixels = PDATA_DWORD(0);
 287   2          }
 288   1      
 289   1          // Before is frame sync mode, current is frame sync mode, check IVS2DVS delay change
 290   1          if(ScalerMDomainGetFrameSyncMode() == _FRAME_SYNC_MODE)
 291   1          {
 292   2              // Get Old IVS2DVS + IVSdelay (I line)
 293   2              PDATA_WORD(0) = (ScalerMemoryGetIVS2DVSDelayPixel() / g_stMDomainInputData.usHTotal);
 294   2      
 295   2              // Calculate current frame sync fine-tune value
 296   2              PDATA_WORD(1) = (ulIVStoDVSPixels / g_stMDomainInputData.usHTotal);
 297   2      
 298   2              // IVS2DVS Change Limit (Convert DVline limit to IVline)
 299   2              PDATA_WORD(2) = (DWORD)_PANEL_DV_LINE_CHG_LIMIT * g_stMDomainInputData.usVHeight / g_stMDomainOutp
             -utData.usVHeight;
 300   2      
 301   2              ScalerMemoryFineTuneIVS2DVSDelay(PDATA_WORD(0), PDATA_WORD(1), PDATA_WORD(2));
 302   2          }
 303   1      
 304   1          if(GET_INTERLACED_MODE() == _TRUE)
 305   1          {
 306   2              // Video Compensation on Even Field
 307   2              if(ScalerGetBit(P0_32_SCALE_CONTROL_REG, (_BIT7 | _BIT6)) == (_BIT7 | _BIT6))
 308   2              {
 309   3                  // Enable Frame Sync Fine Tune on Odd Field
 310   3                  ScalerSetBit(P0_43_FS_DELAY_FINE_TUNE, ~(_BIT1 | _BIT0), (_BIT1 | _BIT0));
 311   3              }
 312   2              // Video Compensation on Odd Field
 313   2              else if(ScalerGetBit(P0_32_SCALE_CONTROL_REG, (_BIT7 | _BIT6)) == _BIT7)
 314   2              {
 315   3                  // Enable Frame Sync Fine Tune on Even Field
 316   3                  ScalerSetBit(P0_43_FS_DELAY_FINE_TUNE, ~(_BIT1 | _BIT0), _BIT1);
 317   3              }
 318   2              else
 319   2              {
 320   3                  // Disable Frame Sync Fine Tune
 321   3                  ScalerSetBit(P0_43_FS_DELAY_FINE_TUNE, ~_BIT1, 0x00);
 322   3              }
 323   2          }
 324   1          else
 325   1          {
 326   2              // Disable Frame Sync Fine Tune
 327   2              ScalerSetBit(P0_43_FS_DELAY_FINE_TUNE, ~_BIT1, 0x00);
 328   2          }
 329   1      
 330   1          ScalerMemoryUpdateIVS2DVSLineDelay(ulIVStoDVSPixels);
C51 COMPILER V9.60.0.0   RL6449_SERIES_MEMORY                                              04/23/2026 13:54:49 PAGE 7   

 331   1      }
 332          
 333          //--------------------------------------------------
 334          // Description  : Get IVS2DVS delay, unit: pixel
 335          // Input Value  : None
 336          // Output Value : IVS2DVS delay, unit: pixel
 337          //--------------------------------------------------
 338          DWORD ScalerMemoryGetIVS2DVSDelayPixel(void)
 339          {
 340   1          DWORD ulIVS2DVSDelayPixel = 0;
 341   1      
 342   1          // Get Initial Dt Fine Tune Value
 343   1          ulIVS2DVSDelayPixel = (((((DWORD)ScalerGetByte(P0_3E_IVS2DVS_DLY_LINE_H) << 8) & 0x1F00) | ScalerGetBy
             -te(P0_40_IVS2DVS_DLY_LINE_L)) * g_stMDomainInputData.usHTotal) +
 344   1                                ((((((DWORD)ScalerGetByte(P0_3F_DISPLAY_ALIGN_CONTROL) << 4) & 0x300) | ScalerGe
             -tByte(P0_41_IVS2DVS_DLY_TUNE_ODD)) + 1) * 16) +
 345   1                                ((ScalerGetByte(P0_3D_IV_DV_DELAY_CLK_FINE) >> 4) & 0x0F);
 346   1      
 347   1          ulIVS2DVSDelayPixel = (ulIVS2DVSDelayPixel << 1);
 348   1      
 349   1          return ulIVS2DVSDelayPixel;
 350   1      }
 351          
 352          //--------------------------------------------------
 353          // Description  : Set FIFO Clock
 354          // Input Value  : Target FIFO Clock
 355          // Output Value : None
 356          //--------------------------------------------------
 357          void ScalerMemorySetFIFOFreq(EnumScalerFIFOFreq enumFIFOFreq)
 358          {
 359   1          switch(enumFIFOFreq)
 360   1          {
 361   2              case _SCALER_FIFO_FREQ_M2PLL:
 362   2                  ScalerSetBit(P0_22_M1_FIFO_CLOCK_SELECT, ~(_BIT1 | _BIT0), (_BIT1 | _BIT0));
 363   2                  break;
 364   2      
 365   2              case _SCALER_FIFO_FREQ_MPLL:
 366   2                  ScalerSetBit(P0_22_M1_FIFO_CLOCK_SELECT, ~(_BIT1 | _BIT0), 0x00);
 367   2                  break;
 368   2      
 369   2              default:
 370   2                  break;
 371   2          }
 372   1      }
 373          
 374          #if(_FRC_SUPPORT == _ON)
 375          //--------------------------------------------------
 376          // Description  : Calculate the Line Step and Block Step
 377          // Input Value  : usHorSize --> Horizontal size (unit : 64 bits)
 378          //                usVerSize --> Vertical size
 379          // Output Value : Line Step and Block Step
 380          //--------------------------------------------------
 381          void ScalerMemoryCalculateLineStepAndBlockStep(DWORD ulHorSize, WORD usVerSize, StructMemoryLineBlockStep 
             -*pstStep)
 382          {
 383   1          pstStep->ulLineStep = ScalerMemoryAddressConversion(ulHorSize);
 384   1          pstStep->ulBlockStep = ScalerMemoryAddressConversion((DWORD)usVerSize * ulHorSize);
 385   1      }
 386          #endif
 387          
 388          #if(_FREESYNC_SUPPORT == _ON)
              //--------------------------------------------------
C51 COMPILER V9.60.0.0   RL6449_SERIES_MEMORY                                              04/23/2026 13:54:49 PAGE 8   

              // Description  : Set Shift One Line ON/OFF for Free Sync
              // Input Value  :
              // Output Value :
              //--------------------------------------------------
              void ScalerMemorySetShiftOneLine(bit bEnable)
              {
                  if(bEnable == _ENABLE)
                  {
                      // Get FIFO Size
                      WORD usFifoWidth = ScalerMemoryGetFifoWidth();
              
                      // Set Rotation Pixel Number
                      ScalerSetByte(P20_F1_ROTATION_IN_WID_H, HIBYTE(usFifoWidth));
                      ScalerSetByte(P20_F2_ROTATION_IN_WID_L, LOBYTE(usFifoWidth));
              
                      // Enable Function On The Porch
                      ScalerTimerWaitForEvent(_EVENT_IEN_STOP);
              
                      // Enable Rotate Shift One Line
                      ScalerSetBit(P20_F0_ROTATION_CTRL0, ~_BIT1, _BIT1);
              
                      if(GET_MEMORY_SELECT() == _FRAME_SYNC_LINE_BUFFER)
                      {
                          // Set IVS Reset M-Domain FIFO
                          ScalerSetBit(P5_AE_DISP_M1_DISP_CTRL2, ~_BIT4, _BIT4);
                      }
                      else
                      {
                          // Set DVS Reset M-Domain FIFO
                          ScalerSetBit(P5_AE_DISP_M1_DISP_CTRL2, ~_BIT4, 0x00);
                      }
              
                      if(ScalerGetBit(P20_F0_ROTATION_CTRL0, _BIT1) == _BIT1)
                      {
                          g_stMDomainInputData.usVStart = 1;
                      }
              
                      // Check if SD DRR should be enabled
                      if(ScalerGetBit(P0_23_SCALE_DOWN_CTRL_M1, _BIT0) == _BIT0)
                      {
                          ScalerSetBit(P0_26_SD_FILTER_CONTROL_REG_M1, ~_BIT1, _BIT1);
                          ScalerSetBit(P40_26_SD_FILTER_CONTROL_REG_M2, ~_BIT1, _BIT1);
                      }
                      else
                      {
                          ScalerSetBit(P0_26_SD_FILTER_CONTROL_REG_M1, ~_BIT1, 0x00);
                          ScalerSetBit(P40_26_SD_FILTER_CONTROL_REG_M2, ~_BIT1, 0x00);
                      }
                  }
                  else
                  {
                      // Disable Rotate Shift One Line
                      ScalerSetBit(P20_F0_ROTATION_CTRL0, ~_BIT1, 0x00);
              
                      // Set DVS Reset M-Domain FIFO
                      ScalerSetBit(P5_AE_DISP_M1_DISP_CTRL2, ~_BIT4, 0x00);
              
                      // Disable SD DRR
                      ScalerSetBit(P0_26_SD_FILTER_CONTROL_REG_M1, ~_BIT1, 0x00);
                      ScalerSetBit(P40_26_SD_FILTER_CONTROL_REG_M2, ~_BIT1, 0x00);
                  }
              }
C51 COMPILER V9.60.0.0   RL6449_SERIES_MEMORY                                              04/23/2026 13:54:49 PAGE 9   

              #endif
 453          


MODULE INFORMATION:   STATIC OVERLAYABLE
   CODE SIZE        =   1919    ----
   CONSTANT SIZE    =   ----    ----
   XDATA SIZE       =   ----      32
   PDATA SIZE       =   ----    ----
   DATA SIZE        =   ----    ----
   IDATA SIZE       =   ----    ----
   BIT SIZE         =   ----    ----
END OF MODULE INFORMATION.


C51 COMPILATION COMPLETE.  0 WARNING(S),  0 ERROR(S)
