C51 COMPILER V9.60.0.0   SCALERTMDSRX2HDCP2_SEPTPHY                                        04/23/2026 13:54:15 PAGE 1   


C51 COMPILER V9.60.0.0, COMPILATION OF MODULE SCALERTMDSRX2HDCP2_SEPTPHY
OBJECT MODULE PLACED IN .\Output\RL6449_Project\ScalerTMDSRx2HDCP2_SeptPhy.obj
COMPILER INVOKED BY: C:\Keil_v5\C51\BIN\C51.EXE Kernel\Scaler\ScalerFunction\Code\ScalerTMDSRx2HDCP2_SeptPhy.c LARGE OPT
                    -IMIZE(9,SPEED) INCDIR(.\Output\RL6449_Project;.\Project\Header;.\Pcb;.\Panel;.\Kernel\Device\Header;.\Kernel\Common;.\Ke
                    -rnel\System\Header;.\Kernel\Scaler\ScalerFunction\Header;.\Kernel\Scaler\ScalerCommonFunction\Header;.\Kernel\Scaler\Sca
                    -lerFunction\Lib\Header;.\Kernel\Scaler\ScalerCommonFunction\Lib\Header;.\Kernel\Scaler\RL6449_Series_Scaler\Header;.\Ker
                    -nel\Scaler\RL6449_Series_Scaler\Lib\Header;.\Kernel\Scaler\RL6449_Series_Common\Header;.\Kernel\Scaler\RL6449_Series_Com
                    -mon\Lib\Header;.\Kernel\User Common Function\Header;.\User\RTD Series\RTD2014Function\Header;.\User\RTD Series\RTD2014Os
                    -d\Header;.\User\RTD Factory\Header;.\User\None Series\NoneFunction\Header;.\User\None Series\NoneOsd\Header;.\User\None 
                    -Factory\Header;.\User\RTD Factory\Code) DEFINE(_PROJECT=_RL6449_PROJECT,_SCALER_TYPE=_RL6449_SERIES) DEBUG OBJECTEXTEND 
                    -PRINT(.\Output\RL6449_Project\ScalerTMDSRx2HDCP2_SeptPhy.lst) TABS(2) OBJECT(.\Output\RL6449_Project\ScalerTMDSRx2HDCP2_
                    -SeptPhy.obj)

line level    source

   1          /********************************************************************************/
   2          /*   Copyright (c) 2021 Realtek Semiconductor Corp. All rights reserved.        */
   3          /*                                                                              */
   4          /*   SPDX-License-Identifier: LicenseRef-Realtek-Proprietary                    */
   5          /*                                                                              */
   6          /*   This software component is confidential and proprietary to Realtek         */
   7          /*   Semiconductor Corp. Disclosure, reproduction, redistribution, in whole     */
   8          /*   or in part, of this work and its derivatives without express permission    */
   9          /*   is prohibited.                                                             */
  10          /********************************************************************************/
  11          
  12          //----------------------------------------------------------------------------------------------------
  13          // ID Code      : ScalerTMDSRx2HDCP2_SeptPhy.c No.0000
  14          // Update Note  :
  15          //----------------------------------------------------------------------------------------------------
  16          
  17          #define __SCALER_TMDS_RX2_HDCP2__
  18          
  19          #include "ScalerFunctionInclude.h"
  20          
  21          //****************************************************************************
  22          // DEFINITIONS / MACROS
  23          //****************************************************************************
  24          
  25          //****************************************************************************
  26          // STRUCT / TYPE / ENUM DEFINITTIONS
  27          //****************************************************************************
  28          
  29          //****************************************************************************
  30          // CODE TABLES
  31          //****************************************************************************
  32          
  33          //****************************************************************************
  34          // VARIABLE DECLARATIONS
  35          //****************************************************************************
  36          #if(_TMDS_HDCP_2_2_SUPPORT == _ON)
  37          #if((_D2_INPUT_PORT_TYPE == _D2_HDMI_PORT) || (_D2_INPUT_PORT_TYPE == _D2_MHL_PORT))
  38          StructHdcp2HDCPAuthInfo g_stTmdsRx2Hdcp2AuthInfo;
  39          BYTE g_ucTmdsRx2Hdcp2Ctrl;
  40          
  41          BYTE g_pucTmdsRx2Hdcp2dKey0[16];
  42          BYTE g_pucTmdsRx2Hdcp2dKey1[16];
  43          
  44          BYTE g_pucTmdsRx2Hdcp2Km[16];
  45          
  46          BYTE g_pucTmdsRx2Hdcp2Rtx[8];
C51 COMPILER V9.60.0.0   SCALERTMDSRX2HDCP2_SEPTPHY                                        04/23/2026 13:54:15 PAGE 2   

  47          BYTE g_pucTmdsRx2Hdcp2TxCaps[3];
  48          BYTE g_pucTmdsRx2Hdcp2Rn[8];
  49          BYTE g_pucTmdsRx2Hdcp2Rrx[8];
  50          #endif
  51          #endif
  52          
  53          //****************************************************************************
  54          // FUNCTION DECLARATIONS
  55          //****************************************************************************
  56          #if(_TMDS_HDCP_2_2_SUPPORT == _ON)
  57          #if((_D2_INPUT_PORT_TYPE == _D2_HDMI_PORT) || (_D2_INPUT_PORT_TYPE == _D2_MHL_PORT))
  58          void ScalerTMDSRx2Hdcp2AesOnlineCtrl_EXINT0(BYTE *pucInputArray, BYTE *pucCipherArray);
  59          void ScalerTMDSRx2Hdcp2DownLoadWriteSRAMValue_EXINT0(BYTE ucSubAddr, BYTE ucLength, BYTE *pucReadArray);
  60          void ScalerTMDSRx2Hdcp2Enable_EXINT0(void);
  61          void ScalerTMDSRx2Hdcp2Handler(void);
  62          void ScalerTMDSRx2Hdcp2Initial(void);
  63          void ScalerTMDSRx2Hdcp2RxRsaCalculate_EXINT0(void);
  64          void ScalerTMDSRx2Hdcp2IntHandler_EXINT0(void);
  65          void ScalerTMDSRx2Hdcp2ReAuthEvent(void);
  66          void ScalerTMDSRx2Hdcp2ResetProc(void);
  67          void ScalerTMDSRx2Hdcp2ResetProc_EXINT0(void);
  68          void ScalerTMDSRx2Hdcp2SetRdMsgIDCode_EXINT0(BYTE ucValue);
  69          void ScalerTMDSRx2Hdcp2SetRdMsgValue_EXINT0(WORD usAddress, BYTE *pucReadArray, WORD usLength);
  70          
  71          #if(_HDCP_2_2_ERRATA_TEST_SUPPORT == _ON)
              void ScalerTMDSRx2Hdcp2AesOnlineCtrl(BYTE *pucInputArray, BYTE *pucCipherArray);
              void ScalerTMDSRx2Hdcp2SetRdMsgIDCode(BYTE ucValue);
              void ScalerTMDSRx2Hdcp2SetRdMsgValue(WORD usAddress, BYTE *pucReadArray, WORD usLength);
              bit ScalerTMDSRx2Hdcp2CaptureKpubKm(void);
              void ScalerTMDSRx2Hdcp2CalculateKmKh(void);
              #endif
  78          
  79          #if(_WD_TIMER_INT_SUPPORT == _ON)
  80          void ScalerTMDSRx2Hdcp2RxRsaCalculate_WDINT(void);
  81          void ScalerTMDSRx2Hdcp2SetRdMsgIDCode_WDINT(BYTE ucValue);
  82          void ScalerTMDSRx2Hdcp2SetRdMsgValue_WDINT(WORD usAddress, BYTE *pucReadArray, WORD usLength);
  83          void ScalerTMDSRx2Hdcp2HPrime_WDINT(void);
  84          void ScalerTMDSRx2Hdcp2SetReAuth_WDINT(void);
  85          #endif
  86          
  87          #endif
  88          #endif
  89          
  90          //****************************************************************************
  91          // FUNCTION DEFINITIONS
  92          //****************************************************************************
  93          #if(_TMDS_HDCP_2_2_SUPPORT == _ON)
  94          #if((_D2_INPUT_PORT_TYPE == _D2_HDMI_PORT) || (_D2_INPUT_PORT_TYPE == _D2_MHL_PORT))
  95          //--------------------------------------------------
  96          // Description  : HDCP 2.2 On-Line AES Ctrl in INT
  97          // Input Value  : None
  98          // Output Value : None
  99          //--------------------------------------------------
 100          void ScalerTMDSRx2Hdcp2AesOnlineCtrl_EXINT0(BYTE *pucInputArray, BYTE *pucCipherArray) using 1
 101          {
 102   1          // Set AES Cipher Key
 103   1          SET_HDCP_2_2_RX2_ONLINE_AES(pucCipherArray, pucInputArray);
 104   1      
 105   1          // Riv from FW
 106   1          ScalerSetBit_EXINT(P2D_29_HDCP_I2C_CTRL_3, ~_BIT7, _BIT7);
 107   1      
 108   1          // Set HW to Authenticated State
C51 COMPILER V9.60.0.0   SCALERTMDSRX2HDCP2_SEPTPHY                                        04/23/2026 13:54:15 PAGE 3   

 109   1          ScalerSetByte_EXINT(P2D_28_HDCP_I2C_CTRL_2, 0x10);
 110   1          ScalerSetBit_EXINT(P2D_29_HDCP_I2C_CTRL_3, ~_BIT6, _BIT6);
 111   1      }
 112          //--------------------------------------------------
 113          // Description  : HDCP 2.2 Down Load Value in INT
 114          // Input Value  : usSubAddr == > start address, usLength == > key Length,
 115          //                pReadArray == > Key Array
 116          // Output Value : None
 117          //--------------------------------------------------
 118          void ScalerTMDSRx2Hdcp2DownLoadWriteSRAMValue_EXINT0(BYTE ucSubAddr, BYTE ucLength, BYTE *pucReadArray) us
             -ing 1
 119          {
 120   1          ScalerSetByte_EXINT(P2D_21_HDCP_MSGWAP, ucSubAddr);
 121   1      
 122   1          // Load Value To FW
 123   1          for(pData_EXINT[0] = ucSubAddr; pData_EXINT[0] < (ucSubAddr + ucLength); pData_EXINT[0]++)
 124   1          {
 125   2              pucReadArray[pData_EXINT[0] - ucSubAddr] = ScalerGetByte_EXINT(P2D_22_HDCP_MSGWDP);
 126   2          }
 127   1      }
 128          //--------------------------------------------------
 129          // Description  : HDCP 1.4 Switch to HDCP 2.2 (Can't change the enable/disable procedure)
 130          // Input Value  : None
 131          // Output Value : None
 132          //--------------------------------------------------
 133          void ScalerTMDSRx2Hdcp2Enable_EXINT0(void) using 1
 134          {
 135   1          MCU_FE69_DDC2_EDID_IRQ |= _BIT2;
 136   1      
 137   1          // set a check duration = 2ms for cover max time(=500us)of Tx read RxStatus (offset address = 0x70)
 138   1          // each loop time = 40us
 139   1          for(pData_EXINT[0] = 0; pData_EXINT[0] < 50; pData_EXINT[0]++)
 140   1          {
 141   2              DELAY_40US_EXINT();
 142   2      
 143   2              if((MCU_FE69_DDC2_EDID_IRQ & _BIT2) == _BIT2)
 144   2              {
 145   3                  MCU_FE69_DDC2_EDID_IRQ |= _BIT2;
 146   3              }
 147   2              else
 148   2              {
 149   3                  break;
 150   3              }
 151   2          }
 152   1      
 153   1          // Detectd DDC non-Toggle or Timeout to Enable HDCP 2.2 Function
 154   1          // Enable HDCP 2.2 Module
 155   1          ScalerSetBit_EXINT(P2D_26_HDCP_I2C_CTRL_0, ~_BIT7, _BIT7);
 156   1      
 157   1          // Disable HDCP 1.4 Module
 158   1          ScalerSetBit_EXINT(P71_C0_HDCP_CR, ~_BIT0, 0x00);
 159   1      }
 160          //--------------------------------------------------
 161          // Description  : HDCP 2.2 Handler Process for TMDS Rx2
 162          // Input Value  : None
 163          // Output Value : None
 164          //--------------------------------------------------
 165          void ScalerTMDSRx2Hdcp2Handler(void)
 166          {
 167   1      #if(_HDCP_2_2_ERRATA_TEST_SUPPORT == _ON)
                  SET_TMDS_RX2_HDCP2_AKE_INIT_RECEIVED();
              #endif
C51 COMPILER V9.60.0.0   SCALERTMDSRX2HDCP2_SEPTPHY                                        04/23/2026 13:54:15 PAGE 4   

 170   1      
 171   1          // Receiver Has Received AKE_INIT
 172   1          if(GET_TMDS_RX2_HDCP2_AKE_INIT_RECEIVED() == _TRUE)
 173   1          {
 174   2              CLR_TMDS_RX2_HDCP2_AKE_INIT_RECEIVED();
 175   2      
 176   2              DebugMessageHDCP2("[D2]AKE_INIT", 0);
 177   2      
 178   2      #if(_HDCP_2_2_ERRATA_TEST_SUPPORT == _ON)
              
                      g_pucTmdsRx2Hdcp2Rtx[0] = 0x18;
                      g_pucTmdsRx2Hdcp2Rtx[1] = 0xfa;
                      g_pucTmdsRx2Hdcp2Rtx[2] = 0xe4;
                      g_pucTmdsRx2Hdcp2Rtx[3] = 0x20;
                      g_pucTmdsRx2Hdcp2Rtx[4] = 0x6a;
                      g_pucTmdsRx2Hdcp2Rtx[5] = 0xfb;
                      g_pucTmdsRx2Hdcp2Rtx[6] = 0x51;
                      g_pucTmdsRx2Hdcp2Rtx[7] = 0x49;
              
                      g_pucTmdsRx2Hdcp2Rrx[0] = 0x3b;
                      g_pucTmdsRx2Hdcp2Rrx[1] = 0xa0;
                      g_pucTmdsRx2Hdcp2Rrx[2] = 0xbe;
                      g_pucTmdsRx2Hdcp2Rrx[3] = 0xde;
                      g_pucTmdsRx2Hdcp2Rrx[4] = 0x0c;
                      g_pucTmdsRx2Hdcp2Rrx[5] = 0x46;
                      g_pucTmdsRx2Hdcp2Rrx[6] = 0xa9;
                      g_pucTmdsRx2Hdcp2Rrx[7] = 0x91;
              
                      g_pucTmdsRx2Hdcp2TxCaps[0] = 0x02;
                      g_pucTmdsRx2Hdcp2TxCaps[1] = 0x00;
                      g_pucTmdsRx2Hdcp2TxCaps[2] = 0x00;
              
                      g_pucTmdsRx2Caps[0] = 0x02;
                      g_pucTmdsRx2Caps[1] = 0x00;
                      g_pucTmdsRx2Caps[2] = 0x01;
              
                      // Load Certrx to Read SRAM
                      ScalerTMDSRx2Hdcp2SetRdMsgValue(0x01, g_stRxHdcp2DownLoadKeyType.pucHdcp2Certrx, 522);
              
              #endif
 210   2          }
 211   1      
 212   1      #if(_HDCP_2_2_ERRATA_TEST_SUPPORT == _ON)
                  SET_TMDS_RX2_HDCP2_AKE_NO_STORED_KM_RECEIVED();
              #endif
 215   1      
 216   1          // Receiver Has received AKE_NO_STORED_KM
 217   1          if(GET_TMDS_RX2_HDCP2_AKE_NO_STORED_KM_RECEIVED() == _TRUE)
 218   1          {
 219   2      #if(_HDCP_2_2_ERRATA_TEST_SUPPORT == _ON)
                      if(ScalerTMDSRx2Hdcp2CaptureKpubKm() == _TRUE)
                      {
                          // Decrypt Km by FW to Get 128 bit Km
                          if(ScalerHdcp2RxRsaOaepCalculate(g_pucTmdsRx2Hdcp2Km) == _TRUE)
                          {
                              ScalerHdcp2DkeyCalculate(_HDCP_2_2_DKEY_0, g_pucTmdsRx2Hdcp2Rtx, g_pucTmdsRx2Hdcp2Rrx, g_p
             -ucTmdsRx2Hdcp2Km, g_pucTmdsRx2Hdcp2Rn);
              
                              memcpy(g_pucTmdsRx2Hdcp2dKey0, (volatile BYTE xdata *)P63_81_HDCP_AES_OUT_15, 16);
              
                              ScalerHdcp2DkeyCalculate(_HDCP_2_2_DKEY_1, g_pucTmdsRx2Hdcp2Rtx, g_pucTmdsRx2Hdcp2Rrx, g_p
             -ucTmdsRx2Hdcp2Km, g_pucTmdsRx2Hdcp2Rn);
C51 COMPILER V9.60.0.0   SCALERTMDSRX2HDCP2_SEPTPHY                                        04/23/2026 13:54:15 PAGE 5   

              
                              memcpy(g_pucTmdsRx2Hdcp2dKey1, (volatile BYTE xdata *)P63_81_HDCP_AES_OUT_15, 16);
              
                              for(pData[0] = 0; pData[0] < 16; pData[0]++)
                              {
                                  DebugMessageHDCP2("[D2]Dkey0", g_pucTmdsRx2Hdcp2dKey0[pData[0]]);
                              }
              
                              for(pData[0] = 0; pData[0] < 16; pData[0]++)
                              {
                                  DebugMessageHDCP2("[D2]Dkey1", g_pucTmdsRx2Hdcp2dKey1[pData[0]]);
                              }
              
                              if(ScalerHdcp2HPrimeCalculate(g_pucTmdsRx2Hdcp2dKey0, g_pucTmdsRx2Hdcp2dKey1, g_pucTmdsRx2
             -Hdcp2Rtx, g_pucTmdsRx2Hdcp2TxCaps, g_pucTmdsRx2Caps) == _TRUE)
                              {
                                  ScalerTMDSRx2Hdcp2CalculateKmKh();
                              }
                          }
                      }
              #endif
 250   2              CLR_TMDS_RX2_HDCP2_AKE_NO_STORED_KM_RECEIVED();
 251   2              CLR_TMDS_RX2_HDCP2_AUTHENTICATION_ACTIVE();
 252   2      
 253   2              DebugMessageHDCP2("[D2]AKE_NO_STORED_KM", 0);
 254   2          }
 255   1      
 256   1          if(GET_TMDS_RX2_HDCP2_AKE_STORED_KM_RECEIVED() == _TRUE)
 257   1          {
 258   2              CLR_TMDS_RX2_HDCP2_AKE_STORED_KM_RECEIVED();
 259   2      
 260   2              DebugMessageHDCP2("[D2]AKE_STORED_KM", 0);
 261   2          }
 262   1      
 263   1      #if(_HDCP_2_2_ERRATA_TEST_SUPPORT == _ON)
                  SET_TMDS_RX2_HDCP2_LC_INIT_RECEIVED();
              #endif
 266   1      
 267   1          if(GET_TMDS_RX2_HDCP2_LC_INIT_RECEIVED() == _TRUE)
 268   1          {
 269   2      #if(_HDCP_2_2_ERRATA_TEST_SUPPORT == _ON)
              
                      BYTE pucSHA256[32];
                      memset(pucSHA256, 0, sizeof(pucSHA256));
              
                      g_pucTmdsRx2Hdcp2Rn[0] = 0x32;
                      g_pucTmdsRx2Hdcp2Rn[1] = 0x75;
                      g_pucTmdsRx2Hdcp2Rn[2] = 0x3e;
                      g_pucTmdsRx2Hdcp2Rn[3] = 0xa8;
                      g_pucTmdsRx2Hdcp2Rn[4] = 0x78;
                      g_pucTmdsRx2Hdcp2Rn[5] = 0xa6;
                      g_pucTmdsRx2Hdcp2Rn[6] = 0x38;
                      g_pucTmdsRx2Hdcp2Rn[7] = 0x1c;
              
                      if(ScalerHdcp2LPrimeCalculate(g_pucTmdsRx2Hdcp2dKey0, g_pucTmdsRx2Hdcp2dKey1, g_pucTmdsRx2Hdcp2Rrx
             -, g_pucTmdsRx2Hdcp2Rn) == _TRUE)
                      {
                          // Load H prime to Read SRAM, AKE Send H PRIME Message ID = 10
                          ScalerTMDSRx2Hdcp2SetRdMsgIDCode(_HDCP_2_2_LC_SEND_L_PRIME);
              
                          memcpy(pucSHA256, (volatile BYTE xdata *)P63_35_HDCP_SHA_0, 32);
              
C51 COMPILER V9.60.0.0   SCALERTMDSRX2HDCP2_SEPTPHY                                        04/23/2026 13:54:15 PAGE 6   

                          ScalerTMDSRx2Hdcp2SetRdMsgValue(0x01, pucSHA256, 32);
              
                          for(pData[0] = 0; pData[0] < 32; pData[0]++)
                          {
                              DebugMessageHDCP2("[D2]L_Prime", pucSHA256[pData[0]]);
                          }
              
                          // Set Message Size = 0x21
                          ScalerSetBit(P2D_3B_I2C_DUMMY_0, ~_BIT0, _BIT0);
                          ScalerSetByte(P71_C3_HDCP_AP, 0x70);
                          ScalerSetByte(P71_C4_HDCP_DP, 0x21);
                          ScalerSetByte(P71_C3_HDCP_AP, 0x71);
                          ScalerSetByte(P71_C4_HDCP_DP, 0x00);
                          ScalerSetBit(P2D_3B_I2C_DUMMY_0, ~_BIT0, 0x00);
                      }
              #endif
 306   2      
 307   2              CLR_TMDS_RX2_HDCP2_LC_INIT_RECEIVED();
 308   2      
 309   2              DebugMessageHDCP2("[D2]LC_INIT", 0);
 310   2          }
 311   1      
 312   1      #if(_HDCP_2_2_ERRATA_TEST_SUPPORT == _ON)
                  SET_TMDS_RX2_HDCP2_SKE_SEND_EKS_RECEIVED();
              #endif
 315   1      
 316   1          if(GET_TMDS_RX2_HDCP2_SKE_SEND_EKS_RECEIVED() == _TRUE)
 317   1          {
 318   2      #if(_HDCP_2_2_ERRATA_TEST_SUPPORT == _ON)
                      BYTE pucEDkeyKs[16];
                      BYTE pucInputCipher[16];
                      BYTE pucRiv[8];
                      BYTE pucKs[16];
              
                      memset(pucInputCipher, 0, sizeof(pucInputCipher));
                      memset(pucKs, 0, sizeof(pucKs));
              
                      // Calculate Dkey 2
                      ScalerHdcp2DkeyCalculate(_HDCP_2_2_DKEY_2, g_pucTmdsRx2Hdcp2Rtx, g_pucTmdsRx2Hdcp2Rrx, g_pucTmdsRx
             -2Hdcp2Km, g_pucTmdsRx2Hdcp2Rn);
              
                      pucEDkeyKs[0] = 0x4c;
                      pucEDkeyKs[1] = 0x32;
                      pucEDkeyKs[2] = 0x47;
                      pucEDkeyKs[3] = 0x12;
                      pucEDkeyKs[4] = 0xc4;
                      pucEDkeyKs[5] = 0xbe;
                      pucEDkeyKs[6] = 0xc6;
                      pucEDkeyKs[7] = 0x69;
                      pucEDkeyKs[8] = 0x0a;
                      pucEDkeyKs[9] = 0xc2;
                      pucEDkeyKs[10] = 0x19;
                      pucEDkeyKs[11] = 0x64;
                      pucEDkeyKs[12] = 0xde;
                      pucEDkeyKs[13] = 0x91;
                      pucEDkeyKs[14] = 0xf1;
                      pucEDkeyKs[15] = 0x83;
              
                      pucRiv[0] = 0x40;
                      pucRiv[1] = 0x2b;
                      pucRiv[2] = 0x6b;
                      pucRiv[3] = 0x43;
C51 COMPILER V9.60.0.0   SCALERTMDSRX2HDCP2_SEPTPHY                                        04/23/2026 13:54:15 PAGE 7   

                      pucRiv[4] = 0xc5;
                      pucRiv[5] = 0xe8;
                      pucRiv[6] = 0x86;
                      pucRiv[7] = 0xd8;
              
                      // Decode Ks
                      for(pData[0] = 0; pData[0] < 8; ++pData[0])
                      {
                          pucKs[pData[0]] = pucEDkeyKs[pData[0]] ^ ScalerGetByte((P63_81_HDCP_AES_OUT_15 + pData[0]));
                      }
              
                      for(pData[0] = 8; pData[0] < 16; ++pData[0])
                      {
                          pucKs[pData[0]] = pucEDkeyKs[pData[0]] ^ (ScalerGetByte((P63_81_HDCP_AES_OUT_15 + pData[0])) ^
             - g_pucTmdsRx2Hdcp2Rrx[pData[0] - 8]);
                      }
              
              
                      for(pData[0] = 0; pData[0] < 16; pData[0]++)
                      {
                          DebugMessageHDCP2("[D2]Ks", pucKs[pData[0]]);
                      }
              
                      SET_TMDS_RX2_HDCP2_AUTHENTICATION_DONE();
              
                      // Enable HDMI Link Integrity Check
                      ScalerSetDataPortBit(P71_C9_HDMI_AP, _P71_CA_PT_63_PORT_PAGE71_HDMI_PEAC1, ~(_BIT7 | _BIT6), (_BIT
             -7 | _BIT6));
              
                      SET_TMDS_RX2_HDCP2_AUTH_STATE(_HDCP_2_2_STATE_AUTHENTICATED);
              
                      // Enable Decryption
                      for(pData[0] = 0; pData[0] < 16; ++pData[0])
                      {
                          pucInputCipher[pData[0]] = pucKs[pData[0]] ^ g_stRxHdcp2DownLoadKeyType.pucHdcp2Lc[pData[0]];
                      }
              
                      // Enable AES Decryption Cipher
                      ScalerTMDSRx2Hdcp2AesOnlineCtrl(pucRiv, pucInputCipher);
              #endif
 389   2      
 390   2              CLR_TMDS_RX2_HDCP2_SKE_SEND_EKS_RECEIVED();
 391   2      
 392   2              DebugMessageHDCP2("[D2]SKE_SEND_EKS", 0);
 393   2          }
 394   1      
 395   1          if(GET_TMDS_RX2_HDCP2_AUTHENTICATION_DONE() == _TRUE)
 396   1          {
 397   2              // Check BCH Error or Not
 398   2              if(ScalerGetDataPortBit(P71_C9_HDMI_AP, _P71_CA_PT_63_PORT_PAGE71_HDMI_PEAC1, (_BIT7 | _BIT6)) == 
             -(_BIT7 | _BIT6))
 399   2              {
 400   3                  // Clear BCH Error Flag
 401   3                  ScalerSetDataPortBit(P71_C9_HDMI_AP, _P71_CA_PT_63_PORT_PAGE71_HDMI_PEAC1, ~_BIT6, _BIT6);
 402   3      
 403   3                  // Clear Authentication Done Flag
 404   3                  CLR_TMDS_RX2_HDCP2_AUTHENTICATION_DONE();
 405   3      
 406   3                  DebugMessageHDCP2("[D2]REAUTH_REQ", 0);
 407   3      
 408   3                  // Set HDCP 2.2 Authentication State = UnAuthenticated
 409   3                  SET_TMDS_RX2_HDCP2_AUTH_STATE(_HDCP_2_2_STATE_UNAUTHENTICATED);
C51 COMPILER V9.60.0.0   SCALERTMDSRX2HDCP2_SEPTPHY                                        04/23/2026 13:54:15 PAGE 8   

 410   3      
 411   3                  // Set RxStatus REAUTH_REQ
 412   3                  ScalerSetBit(P2D_3B_I2C_DUMMY_0, ~_BIT0, _BIT0);
 413   3                  ScalerSetDataPortBit(P71_C3_HDCP_AP, _P71_C4_PT_71_PORT_PAGE71_HDCP2_STATUS2, ~_BIT3, _BIT3);
 414   3                  ScalerSetBit(P2D_3B_I2C_DUMMY_0, ~_BIT0, 0x00);
 415   3      
 416   3                  // Active HDCP 2.2 Re-Auth Timer Event for HPD Trigger Event Usage
 417   3                  ScalerTimerActiveTimerEvent(SEC(4), _SCALER_TIMER_EVENT_RX2_HDCP2_REAUTH);
 418   3              }
 419   2          }
 420   1      }
 421          //--------------------------------------------------
 422          // Description  : HDCP 2.2 Handler Process
 423          // Input Value  : None
 424          // Output Value : None
 425          //--------------------------------------------------
 426          void ScalerTMDSRx2Hdcp2Initial(void)
 427          {
 428   1          // Enable HDCP 2 Write SRAM Auto Increase Function
 429   1          ScalerSetBit(P2D_20_HDCP_MSG_CTRL, ~_BIT0, _BIT0);
 430   1      
 431   1          // Enable HDCP 2 Read SRAM Auto Increase Function
 432   1          ScalerSetBit(P2D_23_HDCP_MSGRAP_H, ~_BIT2, _BIT2);
 433   1      }
 434          
 435          //--------------------------------------------------
 436          // Description  : HDCP 2.2 RSA Calculate in INT
 437          // Input Value  : None
 438          // Output Value : _TRUE or _FALSE
 439          //--------------------------------------------------
 440          void ScalerTMDSRx2Hdcp2RxRsaCalculate_EXINT0(void) using 1
 441          {
 442   1          BYTE pucHdcp2KpubKm[128];
 443   1          BYTE ucIndex = 0;
 444   1      
 445   1          // Save Transmitter Ekpub[km] to FW
 446   1          ScalerSetByte_EXINT(P2D_21_HDCP_MSGWAP, 0x01);
 447   1      
 448   1          for(ucIndex = 0; ucIndex < 128; ++ucIndex)
 449   1          {
 450   2              pucHdcp2KpubKm[ucIndex] = ScalerGetByte_EXINT(P2D_22_HDCP_MSGWDP);
 451   2          }
 452   1      
 453   1          // RSA Calculate
 454   1          ScalerHdcp2RxRsaCal_EXINT0(pucHdcp2KpubKm);
 455   1      
 456   1          // delay to check RSA
 457   1          ScalerTimerWDActivateTimerEvent_EXINT0(10, _SCALER_WD_TIMER_EVENT_TMDS_RX2_HDCP2_CHECK_RSA_CAL_DONE);
 458   1      }
 459          
 460          //--------------------------------------------------
 461          // Description  : HDCP 2.2 Int Handler Process
 462          // Input Value  : None
 463          // Output Value : None
 464          //--------------------------------------------------
 465          void ScalerTMDSRx2Hdcp2IntHandler_EXINT0(void) using 1
 466          {
 467   1          BYTE pucBackUp[2];
 468   1      
 469   1          pucBackUp[0] = ScalerGetByte_EXINT(P71_C9_HDMI_AP);
 470   1          pucBackUp[1] = (ScalerGetByte_EXINT(P71_C8_HDMI_APC) & 0x01);
 471   1      
C51 COMPILER V9.60.0.0   SCALERTMDSRX2HDCP2_SEPTPHY                                        04/23/2026 13:54:15 PAGE 9   

 472   1          // Set CA Port non-auto increase
 473   1          ScalerSetBit_EXINT(P71_C8_HDMI_APC, ~_BIT0, 0x00);
 474   1      
 475   1          // Backup W/R Sram & HDCP Port Addr.
 476   1          g_pucHdcp2BackUp[0] = ScalerGetByte_EXINT(P2D_21_HDCP_MSGWAP);
 477   1          g_pucHdcp2BackUp[1] = ScalerGetByte_EXINT(P2D_23_HDCP_MSGRAP_H);
 478   1          g_pucHdcp2BackUp[2] = ScalerGetByte_EXINT(P2D_24_HDCP_MSGRAP_L);
 479   1          g_pucHdcp2BackUp[3] = ScalerGetByte_EXINT(P71_C3_HDCP_AP);
 480   1      
 481   1          // Detect HDCP 2.2 Write Message Done IRQ
 482   1          if((ScalerGetBit_EXINT(P2D_35_HDCP_I2C_CTRL_7, _BIT0) == _BIT0) && (ScalerGetBit_EXINT(P2D_36_HDCP_I2C
             -_CTRL_8, _BIT0) == _BIT0))
 483   1          {
 484   2              // Clear HDCP 2.2 Write Message Done Flag
 485   2              ScalerSetBit_EXINT(P2D_36_HDCP_I2C_CTRL_8, ~(_BIT4 | _BIT3 | _BIT2 | _BIT1 | _BIT0), _BIT0);
 486   2      
 487   2              // Judge HDCP Switch to 2.2 Mode or not
 488   2              if((ScalerGetBit_EXINT(P2D_26_HDCP_I2C_CTRL_0, _BIT7) == 0x00) && (ScalerGetBit_EXINT(P71_C0_HDCP_
             -CR, _BIT0) == _BIT0))
 489   2              {
 490   3                  ScalerTMDSRx2Hdcp2Enable_EXINT0();
 491   3              }
 492   2      
 493   2              ScalerSetByte_EXINT(P2D_21_HDCP_MSGWAP, 0x00);
 494   2      
 495   2              // Detect HDCP 2.2 Transmitter Write AKE_Init Message, Message ID = 2
 496   2              switch(ScalerGetByte_EXINT(P2D_22_HDCP_MSGWDP))
 497   2              {
 498   3                  case _HDCP_2_2_AKE_INIT:
 499   3      
 500   3                      // HDCP2 Reset Proc
 501   3                      ScalerTMDSRx2Hdcp2ResetProc_EXINT0();
 502   3      
 503   3                      // Save Transmitter Rtx to FW
 504   3                      ScalerTMDSRx2Hdcp2DownLoadWriteSRAMValue_EXINT0(0x01, 8, g_pucTmdsRx2Hdcp2Rtx);
 505   3      
 506   3                      // Save TxCaps to FW
 507   3                      ScalerTMDSRx2Hdcp2DownLoadWriteSRAMValue_EXINT0(0x09, 3, g_pucTmdsRx2Hdcp2TxCaps);
 508   3      
 509   3                      // Generate the psudo-random key of Rrx
 510   3                      ScalerHdcp2RxGenRrx_EXINT0(g_pucTmdsRx2Hdcp2Rrx);
 511   3      
 512   3                      // Load Certrx to Read SRAM
 513   3                      ScalerTMDSRx2Hdcp2SetRdMsgValue_EXINT0(0x01, g_stRxHdcp2DownLoadKeyType.pucHdcp2Certrx, 52
             -2);
 514   3      
 515   3                      // Load Rrx to Read SRAM
 516   3                      ScalerTMDSRx2Hdcp2SetRdMsgValue_EXINT0(0x020B, g_pucTmdsRx2Hdcp2Rrx, 8);
 517   3      
 518   3                      // Load RxCaps HDCP 2.2 Support to Read SRAM
 519   3                      ScalerTMDSRx2Hdcp2SetRdMsgValue_EXINT0(0x0213, g_pucTmdsRx2Caps, 3);
 520   3      
 521   3                      // Load Message ID = 3
 522   3                      ScalerTMDSRx2Hdcp2SetRdMsgIDCode_EXINT0(_HDCP_2_2_AKE_SEND_CERT);
 523   3      
 524   3                      // Set AKE_SEND_CERT Message Size = 534
 525   3                      ScalerSetBit_EXINT(P2D_3B_I2C_DUMMY_0, ~_BIT0, _BIT0);
 526   3                      ScalerSetByte_EXINT(P71_C3_HDCP_AP, 0x70);
 527   3                      ScalerSetByte_EXINT(P71_C4_HDCP_DP, 0x16);
 528   3                      ScalerSetByte_EXINT(P71_C3_HDCP_AP, 0x71);
 529   3                      ScalerSetByte_EXINT(P71_C4_HDCP_DP, 0x02);
 530   3                      ScalerSetBit_EXINT(P2D_3B_I2C_DUMMY_0, ~_BIT0, 0x00);
C51 COMPILER V9.60.0.0   SCALERTMDSRX2HDCP2_SEPTPHY                                        04/23/2026 13:54:15 PAGE 10  

 531   3      
 532   3                      SET_TMDS_RX2_HDCP2_AKE_INIT_RECEIVED();
 533   3      
 534   3                      break;
 535   3      
 536   3                  case _HDCP_2_2_AKE_NO_STORED_KM:
 537   3      
 538   3                      SET_TMDS_RX2_HDCP2_AKE_NO_STORED_KM_RECEIVED();
 539   3                      SET_TMDS_RX2_HDCP2_AUTHENTICATION_ACTIVE();
 540   3      
 541   3                      if(ScalerHdcp2RsaAvailable_EXINT0() == _TRUE)
 542   3                      {
 543   4                          if(ScalerGetBit_EXINT(P63_10_HDCP_RSA_CTRL0, _BIT7) == _BIT7) // RSA power on
 544   4                          {
 545   5                              // delay to start RSA Cal
 546   5                              ScalerTimerWDActivateTimerEvent_EXINT0(10, _SCALER_WD_TIMER_EVENT_TMDS_RX2_HDCP2_R
             -SA_CAL_START);
 547   5                          }
 548   4                          else
 549   4                          {
 550   5                              ScalerTMDSRx2Hdcp2RxRsaCalculate_EXINT0();
 551   5                          }
 552   4                      }
 553   3      
 554   3                      break;
 555   3      
 556   3                  case _HDCP_2_2_AKE_STORED_KM:
 557   3      
 558   3                      // Save Ekh[km] From Transmitter to FW
 559   3                      ScalerTMDSRx2Hdcp2DownLoadWriteSRAMValue_EXINT0(0x01, 16, g_pucTmdsRx2Hdcp2Km);
 560   3      
 561   3                      // Save m From Transmitter to FW
 562   3                      ScalerTMDSRx2Hdcp2DownLoadWriteSRAMValue_EXINT0(0x11, 16, g_pucHdcp2M);
 563   3      
 564   3                      // Calculate Km use AES Cipher, Input Value = m, Input Cipher = Kh
 565   3                      ScalerHdcp2RxAesOfflineCtrl_EXINT0(g_pucHdcp2M, g_pucHdcp2Kh);
 566   3      
 567   3                      for(pData_EXINT[0] = 0; pData_EXINT[0] < 0x10; ++pData_EXINT[0])
 568   3                      {
 569   4                          g_pucTmdsRx2Hdcp2Km[pData_EXINT[0]] = g_pucTmdsRx2Hdcp2Km[pData_EXINT[0]] ^ ScalerGetB
             -yte_EXINT(P63_81_HDCP_AES_OUT_15 + pData_EXINT[0]);
 570   4                      }
 571   3      
 572   3                      // Calculate DKey0
 573   3                      ScalerHdcp2DkeyCalculate_EXINT0(_HDCP_2_2_DKEY_0, g_pucTmdsRx2Hdcp2Rtx, g_pucTmdsRx2Hdcp2R
             -rx, g_pucTmdsRx2Hdcp2Km, g_pucTmdsRx2Hdcp2Rn);
 574   3      
 575   3                      for(pData_EXINT[0] = 0; pData_EXINT[0] < 16; pData_EXINT[0]++)
 576   3                      {
 577   4                          g_pucTmdsRx2Hdcp2dKey0[pData_EXINT[0]] = ScalerGetByte_EXINT(P63_81_HDCP_AES_OUT_15 + 
             -pData_EXINT[0]);
 578   4                      }
 579   3      
 580   3                      // Calculate Dkey1
 581   3                      ScalerHdcp2DkeyCalculate_EXINT0(_HDCP_2_2_DKEY_1, g_pucTmdsRx2Hdcp2Rtx, g_pucTmdsRx2Hdcp2R
             -rx, g_pucTmdsRx2Hdcp2Km, g_pucTmdsRx2Hdcp2Rn);
 582   3      
 583   3                      for(pData_EXINT[0] = 0; pData_EXINT[0] < 16; pData_EXINT[0]++)
 584   3                      {
 585   4                          g_pucTmdsRx2Hdcp2dKey1[pData_EXINT[0]] = ScalerGetByte_EXINT(P63_81_HDCP_AES_OUT_15 + 
             -pData_EXINT[0]);
 586   4                      }
C51 COMPILER V9.60.0.0   SCALERTMDSRX2HDCP2_SEPTPHY                                        04/23/2026 13:54:15 PAGE 11  

 587   3      
 588   3                      // Calculate H'
 589   3                      if(ScalerHdcp2HPrimeCalculate_EXINT0(g_pucTmdsRx2Hdcp2dKey0, g_pucTmdsRx2Hdcp2dKey1, g_puc
             -TmdsRx2Hdcp2Rtx, g_pucTmdsRx2Hdcp2TxCaps, g_pucTmdsRx2Caps) == _TRUE)
 590   3                      {
 591   4                          // Load H prime to Read SRAM, AKE Send H PRIME Message ID = 0x07
 592   4                          ScalerTMDSRx2Hdcp2SetRdMsgIDCode_EXINT0(_HDCP_2_2_AKE_SEND_H_PRIME);
 593   4      
 594   4                          for(pData_EXINT[2] = 0; pData_EXINT[2] < 32; pData_EXINT[2]++)
 595   4                          {
 596   5                              g_pucHdcp2Sha256[pData_EXINT[2]] = ScalerGetByte_EXINT(P63_35_HDCP_SHA_0 + pData_E
             -XINT[2]);
 597   5                          }
 598   4      
 599   4                          ScalerTMDSRx2Hdcp2SetRdMsgValue_EXINT0(0x01, g_pucHdcp2Sha256, 32);
 600   4      
 601   4                          // Set Message Size = 0x21
 602   4                          ScalerSetBit_EXINT(P2D_3B_I2C_DUMMY_0, ~_BIT0, _BIT0);
 603   4                          ScalerSetByte_EXINT(P71_C3_HDCP_AP, 0x70);
 604   4                          ScalerSetByte_EXINT(P71_C4_HDCP_DP, 0x21);
 605   4                          ScalerSetByte_EXINT(P71_C3_HDCP_AP, 0x71);
 606   4                          ScalerSetByte_EXINT(P71_C4_HDCP_DP, 0x00);
 607   4                          ScalerSetBit_EXINT(P2D_3B_I2C_DUMMY_0, ~_BIT0, 0x00);
 608   4                      }
 609   3      
 610   3                      SET_TMDS_RX2_HDCP2_AKE_STORED_KM_RECEIVED();
 611   3      
 612   3                      // Set HDCP 2.2 State to Compute Km
 613   3                      SET_TMDS_RX2_HDCP2_AUTH_STATE(_HDCP_2_2_STATE_COMPUTE_KM);
 614   3      
 615   3                      break;
 616   3      
 617   3                  case _HDCP_2_2_LC_INIT:
 618   3      
 619   3                      // Save Transmitter Rn to FW
 620   3                      ScalerTMDSRx2Hdcp2DownLoadWriteSRAMValue_EXINT0(0x01, 8, g_pucTmdsRx2Hdcp2Rn);
 621   3      
 622   3                      if(ScalerHdcp2LPrimeCalculate_EXINT0(g_pucTmdsRx2Hdcp2dKey0, g_pucTmdsRx2Hdcp2dKey1, g_puc
             -TmdsRx2Hdcp2Rrx, g_pucTmdsRx2Hdcp2Rn) == _TRUE)
 623   3                      {
 624   4                          // Load H prime to Read SRAM, AKE Send H PRIME Message ID = 10
 625   4                          ScalerTMDSRx2Hdcp2SetRdMsgIDCode_EXINT0(_HDCP_2_2_LC_SEND_L_PRIME);
 626   4      
 627   4                          for(pData_EXINT[0] = 0; pData_EXINT[0] < 32; pData_EXINT[0]++)
 628   4                          {
 629   5                              g_pucHdcp2Sha256[pData_EXINT[0]] = ScalerGetByte_EXINT(P63_35_HDCP_SHA_0 + pData_E
             -XINT[0]);
 630   5                          }
 631   4      
 632   4                          ScalerTMDSRx2Hdcp2SetRdMsgValue_EXINT0(0x01, g_pucHdcp2Sha256, 32);
 633   4      
 634   4                          // Set Message Size = 0x21
 635   4                          ScalerSetBit_EXINT(P2D_3B_I2C_DUMMY_0, ~_BIT0, _BIT0);
 636   4                          ScalerSetByte_EXINT(P71_C3_HDCP_AP, 0x70);
 637   4                          ScalerSetByte_EXINT(P71_C4_HDCP_DP, 0x21);
 638   4                          ScalerSetByte_EXINT(P71_C3_HDCP_AP, 0x71);
 639   4                          ScalerSetByte_EXINT(P71_C4_HDCP_DP, 0x00);
 640   4                          ScalerSetBit_EXINT(P2D_3B_I2C_DUMMY_0, ~_BIT0, 0x00);
 641   4                      }
 642   3      
 643   3                      SET_TMDS_RX2_HDCP2_LC_INIT_RECEIVED();
 644   3      
C51 COMPILER V9.60.0.0   SCALERTMDSRX2HDCP2_SEPTPHY                                        04/23/2026 13:54:15 PAGE 12  

 645   3                      // Set HDCP 2.2 State to Compute L'
 646   3                      SET_TMDS_RX2_HDCP2_AUTH_STATE(_HDCP_2_2_STATE_COMPUTE_L_PRIME);
 647   3      
 648   3                      break;
 649   3      
 650   3                  case _HDCP_2_2_SKE_SEND_EKS:
 651   3      
 652   3                      // Calculate Dkey 2
 653   3                      ScalerHdcp2DkeyCalculate_EXINT0(_HDCP_2_2_DKEY_2, g_pucTmdsRx2Hdcp2Rtx, g_pucTmdsRx2Hdcp2R
             -rx, g_pucTmdsRx2Hdcp2Km, g_pucTmdsRx2Hdcp2Rn);
 654   3      
 655   3                      // Save EDkeyKs from Write SRAM to FW
 656   3                      ScalerTMDSRx2Hdcp2DownLoadWriteSRAMValue_EXINT0(0x01, 16, g_pucHdcp2EDkeyKs);
 657   3      
 658   3                      // Save Riv from Write SRAM to FW
 659   3                      ScalerTMDSRx2Hdcp2DownLoadWriteSRAMValue_EXINT0(0x11, 8, g_pucHdcp2Riv);
 660   3      
 661   3                      // Decode Ks
 662   3                      for(pData_EXINT[0] = 0; pData_EXINT[0] < 8; ++pData_EXINT[0])
 663   3                      {
 664   4                          g_pucHdcp2Ks[pData_EXINT[0]] = g_pucHdcp2EDkeyKs[pData_EXINT[0]] ^ ScalerGetByte_EXINT
             -((P63_81_HDCP_AES_OUT_15 + pData_EXINT[0]));
 665   4                      }
 666   3      
 667   3                      for(pData_EXINT[0] = 8; pData_EXINT[0] < 16; ++pData_EXINT[0])
 668   3                      {
 669   4                          g_pucHdcp2Ks[pData_EXINT[0]] = g_pucHdcp2EDkeyKs[pData_EXINT[0]] ^ (ScalerGetByte_EXIN
             -T((P63_81_HDCP_AES_OUT_15 + pData_EXINT[0])) ^ g_pucTmdsRx2Hdcp2Rrx[pData_EXINT[0] - 8]);
 670   4                      }
 671   3      
 672   3                      SET_TMDS_RX2_HDCP2_AUTHENTICATION_DONE();
 673   3      
 674   3                      // Enable HDMI Link Integrity Check & Clear BCH Error Flag
 675   3                      ScalerSetByte_EXINT(P71_C9_HDMI_AP, _P71_CA_PT_63_PORT_PAGE71_HDMI_PEAC1);
 676   3                      pData_EXINT[0] = ((ScalerGetByte_EXINT(P71_CA_HDMI_DP) & (~_BIT7)) | _BIT7 | _BIT6);
 677   3                      ScalerSetByte_EXINT(P71_C9_HDMI_AP, _P71_CA_PT_63_PORT_PAGE71_HDMI_PEAC1);
 678   3                      ScalerSetByte_EXINT(P71_CA_HDMI_DP, pData_EXINT[0]);
 679   3      
 680   3                      SET_TMDS_RX2_HDCP2_AUTH_STATE(_HDCP_2_2_STATE_AUTHENTICATED);
 681   3      
 682   3                      // Enable Decryption
 683   3                      for(pData_EXINT[0] = 0; pData_EXINT[0] < 16; ++pData_EXINT[0])
 684   3                      {
 685   4                          g_pucHdcp2InputCipher[pData_EXINT[0]] = g_pucHdcp2Ks[pData_EXINT[0]] ^ g_stRxHdcp2Down
             -LoadKeyType.pucHdcp2Lc[pData_EXINT[0]];
 686   4                      }
 687   3      
 688   3                      // Enable AES Decryption Cipher
 689   3                      ScalerTMDSRx2Hdcp2AesOnlineCtrl_EXINT0(g_pucHdcp2Riv, g_pucHdcp2InputCipher);
 690   3      
 691   3                      SET_TMDS_RX2_HDCP2_SKE_SEND_EKS_RECEIVED();
 692   3      
 693   3                      break;
 694   3      
 695   3                  default:
 696   3                      break;
 697   3              }
 698   2          }
 699   1      
 700   1          // Source Has Read Msg Done IRQ
 701   1          if((ScalerGetBit_EXINT(P2D_35_HDCP_I2C_CTRL_7, _BIT1) == _BIT1) && (ScalerGetBit_EXINT(P2D_36_HDCP_I2C
             -_CTRL_8, _BIT1) == _BIT1))
C51 COMPILER V9.60.0.0   SCALERTMDSRX2HDCP2_SEPTPHY                                        04/23/2026 13:54:15 PAGE 13  

 702   1          {
 703   2              // Clear Read Msg Done Flag
 704   2              ScalerSetBit_EXINT(P2D_36_HDCP_I2C_CTRL_8, ~(_BIT4 | _BIT3 | _BIT2 | _BIT1 | _BIT0), _BIT1);
 705   2      
 706   2              // Disable Read Msg Done IRQ
 707   2              ScalerSetBit_EXINT(P2D_35_HDCP_I2C_CTRL_7, ~_BIT1, 0x00);
 708   2      
 709   2              // Start Pairing AES Calculate
 710   2              for(pData_EXINT[0] = 0; pData_EXINT[0] < 16; ++pData_EXINT[0])
 711   2              {
 712   3                  if(pData_EXINT[0] < 8)
 713   3                  {
 714   4                      g_pucHdcp2M[pData_EXINT[0]] = g_pucTmdsRx2Hdcp2Rtx[pData_EXINT[0]];
 715   4                  }
 716   3                  else
 717   3                  {
 718   4                      g_pucHdcp2M[pData_EXINT[0]] = g_pucTmdsRx2Hdcp2Rrx[pData_EXINT[0] - 8];
 719   4                  }
 720   3              }
 721   2      
 722   2              // AES Cipher Calculate Ekh[km]
 723   2              ScalerHdcp2RxAesOfflineCtrl_EXINT0(g_pucHdcp2M, g_pucHdcp2Kh);
 724   2      
 725   2              // Calculate Ekh[km] = kh AES m XOR Km
 726   2              for(pData_EXINT[0] = 0; pData_EXINT[0] < 16; ++pData_EXINT[0])
 727   2              {
 728   3                  g_pucHdcp2EkhKm[pData_EXINT[0]] = ScalerGetByte_EXINT(P63_81_HDCP_AES_OUT_15 + pData_EXINT[0])
             - ^ g_pucTmdsRx2Hdcp2Km[pData_EXINT[0]];
 729   3              }
 730   2      
 731   2              ScalerTMDSRx2Hdcp2SetRdMsgValue_EXINT0(0x01, g_pucHdcp2EkhKm, 16);
 732   2      
 733   2              // Load AKE Send Pairing Info
 734   2              ScalerTMDSRx2Hdcp2SetRdMsgIDCode_EXINT0(_HDCP_2_2_AKE_SEND_PAIRING_INFO);
 735   2      
 736   2              // Set Message Size = 0x11
 737   2              ScalerSetBit_EXINT(P2D_3B_I2C_DUMMY_0, ~_BIT0, _BIT0);
 738   2              ScalerSetByte_EXINT(P71_C3_HDCP_AP, 0x70);
 739   2              ScalerSetByte_EXINT(P71_C4_HDCP_DP, 0x11);
 740   2              ScalerSetByte_EXINT(P71_C3_HDCP_AP, 0x71);
 741   2              ScalerSetByte_EXINT(P71_C4_HDCP_DP, 0x00);
 742   2              ScalerSetBit_EXINT(P2D_3B_I2C_DUMMY_0, ~_BIT0, 0x00);
 743   2          }
 744   1      
 745   1          // Recover Backup for  W/R Sram & HDCP Port Addr.
 746   1          ScalerSetByte_EXINT(P2D_21_HDCP_MSGWAP, g_pucHdcp2BackUp[0]);
 747   1          ScalerSetByte_EXINT(P2D_23_HDCP_MSGRAP_H, g_pucHdcp2BackUp[1]);
 748   1          ScalerSetByte_EXINT(P2D_24_HDCP_MSGRAP_L, g_pucHdcp2BackUp[2]);
 749   1          ScalerSetByte_EXINT(P71_C3_HDCP_AP, g_pucHdcp2BackUp[3]);
 750   1      
 751   1          ScalerSetBit_EXINT(P71_C8_HDMI_APC, ~_BIT0, pucBackUp[1]);
 752   1          ScalerSetByte_EXINT(P71_C9_HDMI_AP, pucBackUp[0]);
 753   1      }
 754          //--------------------------------------------------
 755          // Description  : HDCP 2.2 Re-Auth Timer Event
 756          // Input Value  : None
 757          // Output Value : None
 758          //--------------------------------------------------
 759          void ScalerTMDSRx2Hdcp2ReAuthEvent(void)
 760          {
 761   1          if(ScalerGetDataPortBit(P71_C9_HDMI_AP, _P71_CA_PT_63_PORT_PAGE71_HDMI_PEAC1, (_BIT7 | _BIT6)) == (_BI
             -T7 | _BIT6))
C51 COMPILER V9.60.0.0   SCALERTMDSRX2HDCP2_SEPTPHY                                        04/23/2026 13:54:15 PAGE 14  

 762   1          {
 763   2              SET_TMDS_RX2_HPD_TRIGGER_EVENT(_TMDS_HPD_HDCP_2_2);
 764   2      
 765   2              DebugMessageHDCP2("[D2]BCH ERR FOR HPD EVENT", 0);
 766   2          }
 767   1      }
 768          //--------------------------------------------------
 769          // Description  : HDCP 2.2 Reset Proc
 770          // Input Value  : None
 771          // Output Value : None
 772          //--------------------------------------------------
 773          void ScalerTMDSRx2Hdcp2ResetProc(void)
 774          {
 775   1          // Disable Read Msg Done IRQ
 776   1          ScalerSetBit(P2D_35_HDCP_I2C_CTRL_7, ~_BIT1, 0x00);
 777   1      
 778   1          // Clear Reading Msg Size & Judge REAUTH_REQ Set or not
 779   1          ScalerSetBit(P2D_3B_I2C_DUMMY_0, ~_BIT0, _BIT0);
 780   1          ScalerSetDataPortByte(P71_C3_HDCP_AP, _P71_C4_PT_70_PORT_PAGE71_HDCP2_STATUS1, 0x00);
 781   1      
 782   1      #if(_HDMI_HDCP22_REAUTH_IN_RESET_PROC == _ON)
                  if((ScalerGetBit(P2D_26_HDCP_I2C_CTRL_0, _BIT7) == _BIT7) && (GET_TMDS_RX2_HDCP2_AUTHENTICATION_DONE()
             - == _TRUE))
                  {
                      ScalerSetDataPortBit(P71_C3_HDCP_AP, _P71_C4_PT_71_PORT_PAGE71_HDCP2_STATUS2, ~(_BIT3 | _BIT1 | _B
             -IT0), _BIT3);
                  }
                  else
              #endif
 789   1          {
 790   2              ScalerSetDataPortBit(P71_C3_HDCP_AP, _P71_C4_PT_71_PORT_PAGE71_HDCP2_STATUS2, ~(_BIT3 | _BIT1 | _B
             -IT0), 0x00);
 791   2          }
 792   1      
 793   1          ScalerSetBit(P2D_3B_I2C_DUMMY_0, ~_BIT0, 0x00);
 794   1      
 795   1          // Disable Link Interity Check
 796   1          ScalerSetDataPortBit(P71_C9_HDMI_AP, _P71_CA_PT_63_PORT_PAGE71_HDMI_PEAC1, ~(_BIT7 | _BIT6), 0x00);
 797   1      
 798   1          // Reset Authenticated FSM
 799   1          ScalerSetByte(P2D_28_HDCP_I2C_CTRL_2, 0x01);
 800   1          ScalerSetBit(P2D_29_HDCP_I2C_CTRL_3, ~_BIT6, _BIT6);
 801   1      
 802   1          // Cancel HDCP 2.2 Re-Auth Timer Event
 803   1          ScalerTimerCancelTimerEvent(_SCALER_TIMER_EVENT_RX2_HDCP2_REAUTH);
 804   1      
 805   1          // Cancel HDCP 2.2 RSA Cal Timer Event
 806   1          ScalerTimerWDCancelTimerEvent(_SCALER_WD_TIMER_EVENT_TMDS_RX2_HDCP2_RSA_CAL_START);
 807   1          ScalerTimerWDCancelTimerEvent(_SCALER_WD_TIMER_EVENT_RX2_HDCP2_SET_REAUTH);
 808   1      
 809   1          CLR_TMDS_RX2_HDCP2_AUTHENTICATION_DONE();
 810   1          CLR_TMDS_RX2_HDCP2_AKE_INIT_RECEIVED();
 811   1          CLR_TMDS_RX2_HDCP2_AKE_NO_STORED_KM_RECEIVED();
 812   1          CLR_TMDS_RX2_HDCP2_AKE_STORED_KM_RECEIVED();
 813   1          CLR_TMDS_RX2_HDCP2_LC_INIT_RECEIVED();
 814   1          CLR_TMDS_RX2_HDCP2_SKE_SEND_EKS_RECEIVED();
 815   1          CLR_TMDS_RX2_HDCP2_AUTHENTICATION_ACTIVE();
 816   1      
 817   1          // HDCP disable cause AVMute issue enable 1.4 disable 2.2
 818   1          ScalerSetBit(P2D_26_HDCP_I2C_CTRL_0, ~_BIT7, 0x00);
 819   1          ScalerSetBit(P71_C0_HDCP_CR, ~_BIT0, _BIT0);
 820   1      
C51 COMPILER V9.60.0.0   SCALERTMDSRX2HDCP2_SEPTPHY                                        04/23/2026 13:54:15 PAGE 15  

 821   1          // clear AKSV/ Bksv/ Ri flag
 822   1          ScalerSetBit(P71_A9_TMDS_ABC0, ~(_BIT7 | _BIT6 | _BIT5 | _BIT2), (_BIT7 | _BIT6 | _BIT5));
 823   1      }
 824          //--------------------------------------------------
 825          // Description  : HDCP 2.2 Reset Proc in INT
 826          // Input Value  : None
 827          // Output Value : None
 828          //--------------------------------------------------
 829          void ScalerTMDSRx2Hdcp2ResetProc_EXINT0(void) using 1
 830          {
 831   1          // Disable Read Msg Done IRQ
 832   1          ScalerSetBit_EXINT(P2D_35_HDCP_I2C_CTRL_7, ~_BIT1, 0x00);
 833   1      
 834   1          // Clear Reading Msg Size & RxStatus REAUTH_REQ
 835   1          ScalerSetBit_EXINT(P2D_3B_I2C_DUMMY_0, ~_BIT0, _BIT0);
 836   1          ScalerSetByte_EXINT(P71_C3_HDCP_AP, _P71_C4_PT_70_PORT_PAGE71_HDCP2_STATUS1);
 837   1          ScalerSetByte_EXINT(P71_C4_HDCP_DP, 0x00);
 838   1          ScalerSetByte_EXINT(P71_C3_HDCP_AP, _P71_C4_PT_71_PORT_PAGE71_HDCP2_STATUS2);
 839   1          ScalerSetBit_EXINT(P71_C4_HDCP_DP, ~(_BIT3 | _BIT1 | _BIT0), 0x00);
 840   1          ScalerSetBit_EXINT(P2D_3B_I2C_DUMMY_0, ~_BIT0, 0x00);
 841   1      
 842   1          // Disable Link Interity Check
 843   1          ScalerSetByte_EXINT(P71_C9_HDMI_AP, _P71_CA_PT_63_PORT_PAGE71_HDMI_PEAC1);
 844   1          ScalerSetBit_EXINT(P71_CA_HDMI_DP, ~(_BIT7 | _BIT6), 0x00);
 845   1      
 846   1          // Reset Authenticated FSM
 847   1          ScalerSetByte_EXINT(P2D_28_HDCP_I2C_CTRL_2, 0x01);
 848   1          ScalerSetBit_EXINT(P2D_29_HDCP_I2C_CTRL_3, ~_BIT6, _BIT6);
 849   1      
 850   1          // Cancel HDCP 2.2 Re-Auth Timer Event
 851   1          ScalerTimerCancelTimerEvent_EXINT0(_SCALER_TIMER_EVENT_RX2_HDCP2_REAUTH);
 852   1      
 853   1          // Cancel HDCP 2.2 RSA Cal Timer Event
 854   1          ScalerTimerWDCancelTimerEvent_EXINT0(_SCALER_WD_TIMER_EVENT_TMDS_RX2_HDCP2_RSA_CAL_START);
 855   1          ScalerTimerWDCancelTimerEvent_EXINT0(_SCALER_WD_TIMER_EVENT_RX2_HDCP2_SET_REAUTH);
 856   1      
 857   1          CLR_TMDS_RX2_HDCP2_AUTHENTICATION_DONE();
 858   1          CLR_TMDS_RX2_HDCP2_AKE_INIT_RECEIVED();
 859   1          CLR_TMDS_RX2_HDCP2_AKE_NO_STORED_KM_RECEIVED();
 860   1          CLR_TMDS_RX2_HDCP2_AKE_STORED_KM_RECEIVED();
 861   1          CLR_TMDS_RX2_HDCP2_LC_INIT_RECEIVED();
 862   1          CLR_TMDS_RX2_HDCP2_SKE_SEND_EKS_RECEIVED();
 863   1          CLR_TMDS_RX2_HDCP2_AUTHENTICATION_ACTIVE();
 864   1      }
 865          //--------------------------------------------------
 866          // Description  : HDCP 2.2 Set Read Message ID Code
 867          // Input Value  : None
 868          // Output Value : None
 869          //--------------------------------------------------
 870          void ScalerTMDSRx2Hdcp2SetRdMsgIDCode_EXINT0(BYTE ucValue) using 1
 871          {
 872   1          ScalerSetBit_EXINT(P2D_23_HDCP_MSGRAP_H, ~(_BIT1 | _BIT0), 0x00);
 873   1          ScalerSetByte_EXINT(P2D_24_HDCP_MSGRAP_L, 0x00);
 874   1          ScalerSetByte_EXINT(P2D_25_HDCP_MSGRDP, ucValue);
 875   1      }
 876          //--------------------------------------------------
 877          // Description  : HDCP 2.2 Set Read Message Value in INT
 878          // Input Value  : None
 879          // Output Value : None
 880          //--------------------------------------------------
 881          void ScalerTMDSRx2Hdcp2SetRdMsgValue_EXINT0(WORD usAddress, BYTE *pucReadArray, WORD usLength) using 1
 882          {
C51 COMPILER V9.60.0.0   SCALERTMDSRX2HDCP2_SEPTPHY                                        04/23/2026 13:54:15 PAGE 16  

 883   1          WORD usTemp = 0;
 884   1      
 885   1          ScalerSetBit_EXINT(P2D_23_HDCP_MSGRAP_H, ~(_BIT1 | _BIT0), usAddress >> 8);
 886   1          ScalerSetByte_EXINT(P2D_24_HDCP_MSGRAP_L, usAddress);
 887   1      
 888   1          // Set HDCP 2 Read SRAM Message Value, Disable HDCP 2 Read SRAM auto Increase
 889   1          for(usTemp = usAddress; usTemp < (usAddress + usLength); usTemp++)
 890   1          {
 891   2              ScalerSetByte_EXINT(P2D_25_HDCP_MSGRDP, pucReadArray[usTemp - usAddress]);
 892   2          }
 893   1      }
 894          
 895          #if(_HDCP_2_2_ERRATA_TEST_SUPPORT == _ON)
              //--------------------------------------------------
              // Description  : HDCP 2.2 On-Line AES Ctrl for Rx2
              // Input Value  : None
              // Output Value : None
              //--------------------------------------------------
              void ScalerTMDSRx2Hdcp2AesOnlineCtrl(BYTE *pucInputArray, BYTE *pucCipherArray)
              {
                  // Set AES Cipher Key
                  SET_HDCP_2_2_RX2_ONLINE_AES(pucCipherArray, pucInputArray);
              
                  // Riv from FW
                  ScalerSetBit(P2D_29_HDCP_I2C_CTRL_3, ~_BIT7, _BIT7);
              
                  // Set HW to Authenticated State
                  ScalerSetByte(P2D_28_HDCP_I2C_CTRL_2, 0x10);
                  ScalerSetBit(P2D_29_HDCP_I2C_CTRL_3, ~_BIT6, _BIT6);
              }
              //--------------------------------------------------
              // Description  : HDCP 2.2 Set Read Message ID Code
              // Input Value  : None
              // Output Value : None
              //--------------------------------------------------
              void ScalerTMDSRx2Hdcp2SetRdMsgIDCode(BYTE ucValue)
              {
                  ScalerSetBit(P2D_23_HDCP_MSGRAP_H, ~(_BIT1 | _BIT0), 0x00);
                  ScalerSetByte(P2D_24_HDCP_MSGRAP_L, 0x00);
                  ScalerSetByte(P2D_25_HDCP_MSGRDP, ucValue);
              }
              //--------------------------------------------------
              // Description  : HDCP 2.2 Set Read Message Value
              // Input Value  : None
              // Output Value : None
              //--------------------------------------------------
              void ScalerTMDSRx2Hdcp2SetRdMsgValue(WORD usAddress, BYTE *pucReadArray, WORD usLength)
              {
                  WORD usTemp = 0;
              
                  ScalerSetBit(P2D_23_HDCP_MSGRAP_H, ~(_BIT1 | _BIT0), usAddress >> 8);
                  ScalerSetByte(P2D_24_HDCP_MSGRAP_L, usAddress);
              
                  // Set HDCP 2 Read SRAM Message Value, Disable HDCP 2 Read SRAM auto Increase
                  for(usTemp = usAddress; usTemp < (usAddress + usLength); usTemp++)
                  {
                      ScalerSetByte(P2D_25_HDCP_MSGRDP, pucReadArray[usTemp - usAddress]);
                  }
              }
              
              //--------------------------------------------------
              // Description  : Capture Kpub/Km
C51 COMPILER V9.60.0.0   SCALERTMDSRX2HDCP2_SEPTPHY                                        04/23/2026 13:54:15 PAGE 17  

              // Input Value  : None
              // Output Value : _TRUE or _FALSE
              //--------------------------------------------------
              bit ScalerTMDSRx2Hdcp2CaptureKpubKm(void)
              {
              #if(_HDCP_2_2_TX_RSA3072_MODE == _ON)
                  WORD usCount = 0;
              #endif
                  BYTE pucKpubKm[128];
                  memset(pucKpubKm, 0, sizeof(pucKpubKm));
              
                  // Save Transmitter Ekpub[km] to FW
                  ScalerSetByte(P2D_21_HDCP_MSGWAP, 0x01);
              
              #if(_HDCP_2_2_TX_RSA3072_MODE == _ON)
                  for(usCount = 0; usCount < 384; ++usCount)
                  {
                      DebugMessageHDCP2("[D2]DCP LLC Signature", g_stRxHdcp2DownLoadKeyType.pucHdcp2KpubKm[usCount]);
                  }
              #else
                  for(pData[0] = 0; pData[0] < 128; ++pData[0])
                  {
                      pucKpubKm[pData[0]] = g_stRxHdcp2DownLoadKeyType.pucHdcp2KpubKm[pData[0]];
              
                      DebugMessageHDCP2("[D2]Ekpub(km)", pucKpubKm[pData[0]]);
                  }
              #endif
              
                  // Decrypt Ekpub[km]
                  return (ScalerHdcp2RxRsaCalculate(pucKpubKm) == _TRUE);
              }
              
              //--------------------------------------------------
              // Description  : Calculate Km/Kh
              // Input Value  : None
              // Output Value : None
              //--------------------------------------------------
              void ScalerTMDSRx2Hdcp2CalculateKmKh(void)
              {
                  BYTE pucSHA256[32];
              
                  BYTE pucM[16];
                  memset(pucM, 0, sizeof(pucM));
                  memset(pucSHA256, 0, sizeof(pucSHA256));
              
                  // Load H prime to Read SRAM, AKE Send H PRIME Message ID = 0x07
                  ScalerTMDSRx2Hdcp2SetRdMsgIDCode(_HDCP_2_2_AKE_SEND_H_PRIME);
              
                  memcpy(pucSHA256, (volatile BYTE xdata *)P63_35_HDCP_SHA_0, 32);
              
                  for(pData[0] = 0; pData[0] < 32; pData[0]++)
                  {
                      DebugMessageHDCP2("[D2]H_prime", pucSHA256[pData[0]]);
                  }
              
                  // Load Km to Read SRAM
                  ScalerTMDSRx2Hdcp2SetRdMsgValue(0x01, pucSHA256, 32);
              
                  // Set Message Size = 0x21
                  ScalerSetBit(P2D_3B_I2C_DUMMY_0, ~_BIT0, _BIT0);
                  ScalerSetDataPortByte(P71_C3_HDCP_AP, _P71_C4_PT_70_PORT_PAGE71_HDCP2_STATUS1, 0x21);
                  ScalerSetDataPortByte(P71_C3_HDCP_AP, _P71_C4_PT_71_PORT_PAGE71_HDCP2_STATUS2, 0x00);
C51 COMPILER V9.60.0.0   SCALERTMDSRX2HDCP2_SEPTPHY                                        04/23/2026 13:54:15 PAGE 18  

                  ScalerSetBit(P2D_3B_I2C_DUMMY_0, ~_BIT0, 0x00);
              
                  // Enable HDCP2 Source Read Done IRQ
                  ScalerSetBit(P2D_36_HDCP_I2C_CTRL_8, ~(_BIT4 | _BIT3 | _BIT2 | _BIT1 | _BIT0), _BIT1);
                  ScalerSetBit(P2D_35_HDCP_I2C_CTRL_7, ~_BIT1, _BIT1);
              
                  // Start Pairing AES Calculate
                  for(pData[0] = 0; pData[0] < 16; ++pData[0])
                  {
                      if(pData[0] < 8)
                      {
                          pucM[pData[0]] = g_pucTmdsRx2Hdcp2Rtx[pData[0]];
                      }
                      else
                      {
                          pucM[pData[0]] = g_pucTmdsRx2Hdcp2Rrx[pData[0] - 8];
                      }
                  }
              
                  // AES Cipher Calculate Ekh[km]
                  ScalerHdcp2RxAesOfflineCtrl(pucM, g_pucHdcp2Kh);
              
                  // Calculate Ekh[km] = kh AES m XOR Km
                  for(pData[0] = 0; pData[0] < 16; ++pData[0])
                  {
                      g_pucHdcp2Kh[pData[0]] = ScalerGetByte(P63_81_HDCP_AES_OUT_15 + pData[0]) ^ g_pucTmdsRx2Hdcp2Km[pD
             -ata[0]];
              
                      DebugMessageHDCP2("[D2]Ekh(km)", g_pucHdcp2Kh[pData[0]]);
                  }
              }
              #endif
1038          
1039          #if(_WD_TIMER_INT_SUPPORT == _ON)
1040          //--------------------------------------------------
1041          // Description  : HDCP 2.2 RSA Calculate in INT
1042          // Input Value  : None
1043          // Output Value : _TRUE or _FALSE
1044          //--------------------------------------------------
1045          void ScalerTMDSRx2Hdcp2RxRsaCalculate_WDINT(void) using 3
1046          {
1047   1          BYTE pucHdcp2KpubKm[128];
1048   1          BYTE ucIndex = 0;
1049   1      
1050   1          // Save Transmitter Ekpub[km] to FW
1051   1          ScalerSetByte_EXINT(P2D_21_HDCP_MSGWAP, 0x01);
1052   1      
1053   1          for(ucIndex = 0; ucIndex < 128; ++ucIndex)
1054   1          {
1055   2              pucHdcp2KpubKm[ucIndex] = ScalerGetByte_EXINT(P2D_22_HDCP_MSGWDP);
1056   2          }
1057   1      
1058   1          // RSA Calculate
1059   1          ScalerHdcp2RxRsaCal_WDINT(pucHdcp2KpubKm);
1060   1      }
1061          
1062          //--------------------------------------------------
1063          // Description  : HDCP 2.2 Set Read Message ID Code
1064          // Input Value  : None
1065          // Output Value : None
1066          //--------------------------------------------------
1067          void ScalerTMDSRx2Hdcp2SetRdMsgIDCode_WDINT(BYTE ucValue) using 3
C51 COMPILER V9.60.0.0   SCALERTMDSRX2HDCP2_SEPTPHY                                        04/23/2026 13:54:15 PAGE 19  

1068          {
1069   1          ScalerSetBit_EXINT(P2D_23_HDCP_MSGRAP_H, ~(_BIT1 | _BIT0), 0x00);
1070   1          ScalerSetByte_EXINT(P2D_24_HDCP_MSGRAP_L, 0x00);
1071   1          ScalerSetByte_EXINT(P2D_25_HDCP_MSGRDP, ucValue);
1072   1      }
1073          
1074          //--------------------------------------------------
1075          // Description  : HDCP 2.2 Set Read Message Value in INT
1076          // Input Value  : None
1077          // Output Value : None
1078          //--------------------------------------------------
1079          void ScalerTMDSRx2Hdcp2SetRdMsgValue_WDINT(WORD usAddress, BYTE *pucReadArray, WORD usLength) using 3
1080          {
1081   1          WORD usTemp = 0;
1082   1      
1083   1          ScalerSetBit_EXINT(P2D_23_HDCP_MSGRAP_H, ~(_BIT1 | _BIT0), usAddress >> 8);
1084   1          ScalerSetByte_EXINT(P2D_24_HDCP_MSGRAP_L, usAddress);
1085   1      
1086   1          // Set HDCP 2 Read SRAM Message Value, Disable HDCP 2 Read SRAM auto Increase
1087   1          for(usTemp = usAddress; usTemp < (usAddress + usLength); usTemp++)
1088   1          {
1089   2              ScalerSetByte_EXINT(P2D_25_HDCP_MSGRDP, pucReadArray[usTemp - usAddress]);
1090   2          }
1091   1      }
1092          
1093          //--------------------------------------------------
1094          // Description  : HDCP 2.2 Set Read Message Value in INT
1095          // Input Value  : None
1096          // Output Value : None
1097          //--------------------------------------------------
1098          void ScalerTMDSRx2Hdcp2HPrime_WDINT(void) using 3
1099          {
1100   1          ScalerHdcp2DkeyCalculate_WDINT(_HDCP_2_2_DKEY_0, g_pucTmdsRx2Hdcp2Rtx, g_pucTmdsRx2Hdcp2Rrx, g_pucTmds
             -Rx2Hdcp2Km, g_pucTmdsRx2Hdcp2Rn);
1101   1      
1102   1          memcpy(g_pucTmdsRx2Hdcp2dKey0, (volatile BYTE xdata *)P63_81_HDCP_AES_OUT_15, 16);
1103   1      
1104   1          ScalerHdcp2DkeyCalculate_WDINT(_HDCP_2_2_DKEY_1, g_pucTmdsRx2Hdcp2Rtx, g_pucTmdsRx2Hdcp2Rrx, g_pucTmds
             -Rx2Hdcp2Km, g_pucTmdsRx2Hdcp2Rn);
1105   1      
1106   1          memcpy(g_pucTmdsRx2Hdcp2dKey1, (volatile BYTE xdata *)P63_81_HDCP_AES_OUT_15, 16);
1107   1      
1108   1          if(ScalerHdcp2HPrimeCalculate_WDINT(g_pucTmdsRx2Hdcp2dKey0, g_pucTmdsRx2Hdcp2dKey1, g_pucTmdsRx2Hdcp2R
             -tx, g_pucTmdsRx2Hdcp2TxCaps, g_pucTmdsRx2Caps) == _TRUE)
1109   1          {
1110   2              memset(g_pucHdcp2Sha256, 0, sizeof(g_pucHdcp2Sha256));
1111   2      
1112   2              // Load H prime to Read SRAM, AKE Send H PRIME Message ID = 0x07
1113   2              ScalerTMDSRx2Hdcp2SetRdMsgIDCode_WDINT(_HDCP_2_2_AKE_SEND_H_PRIME);
1114   2      
1115   2              memcpy(g_pucHdcp2Sha256, (volatile BYTE xdata *)P63_35_HDCP_SHA_0, 32);
1116   2      
1117   2              // Load Km to Read SRAM
1118   2              ScalerTMDSRx2Hdcp2SetRdMsgValue_WDINT(0x01, g_pucHdcp2Sha256, 32);
1119   2      
1120   2              // Set Message Size = 0x21
1121   2              ScalerSetBit_EXINT(P2D_3B_I2C_DUMMY_0, ~_BIT0, _BIT0);
1122   2              ScalerSetByte_EXINT(P71_C3_HDCP_AP, 0x70);
1123   2              ScalerSetByte_EXINT(P71_C4_HDCP_DP, 0x21);
1124   2              ScalerSetByte_EXINT(P71_C3_HDCP_AP, 0x71);
1125   2              ScalerSetByte_EXINT(P71_C4_HDCP_DP, 0x00);
1126   2              ScalerSetBit_EXINT(P2D_3B_I2C_DUMMY_0, ~_BIT0, 0x00);
C51 COMPILER V9.60.0.0   SCALERTMDSRX2HDCP2_SEPTPHY                                        04/23/2026 13:54:15 PAGE 20  

1127   2      
1128   2              // Enable HDCP2 Source Read Done IRQ
1129   2              ScalerSetBit_EXINT(P2D_36_HDCP_I2C_CTRL_8, ~(_BIT4 | _BIT3 | _BIT2 | _BIT1 | _BIT0), _BIT1);
1130   2              ScalerSetBit_EXINT(P2D_35_HDCP_I2C_CTRL_7, ~_BIT1, _BIT1);
1131   2          }
1132   1      
1133   1          // Set HDCP 2.2 State to Compute Km
1134   1          SET_TMDS_RX2_HDCP2_AUTH_STATE(_HDCP_2_2_STATE_COMPUTE_KM);
1135   1      }
1136          
1137          //--------------------------------------------------
1138          // Description  : HDCP 2.2 Reauth
1139          // Input Value  : None
1140          // Output Value : None
1141          //--------------------------------------------------
1142          void ScalerTMDSRx2Hdcp2SetReAuth_WDINT(void) using 3
1143          {
1144   1          ScalerSetByte_EXINT(P71_C3_HDCP_AP, _P71_C4_PT_71_PORT_PAGE71_HDCP2_STATUS2);
1145   1          ScalerSetBit_EXINT(P71_C4_HDCP_DP, ~_BIT3, _BIT3);
1146   1      }
1147          #endif
1148          
1149          #endif // End of #if(_TMDS_HDCP_2_2_SUPPORT == _ON)
1150          #endif // End of #if((_D2_INPUT_PORT_TYPE == _D2_HDMI_PORT) || (_D2_INPUT_PORT_TYPE == _D2_MHL_PORT))


MODULE INFORMATION:   STATIC OVERLAYABLE
   CODE SIZE        =   2578    ----
   CONSTANT SIZE    =   ----    ----
   XDATA SIZE       =     77     287
   PDATA SIZE       =   ----    ----
   DATA SIZE        =   ----    ----
   IDATA SIZE       =   ----    ----
   BIT SIZE         =   ----    ----
END OF MODULE INFORMATION.


C51 COMPILATION COMPLETE.  0 WARNING(S),  0 ERROR(S)
