C51 COMPILER V9.60.0.0   SCALERFORMATCONVERSION                                            04/23/2026 13:53:55 PAGE 1   


C51 COMPILER V9.60.0.0, COMPILATION OF MODULE SCALERFORMATCONVERSION
OBJECT MODULE PLACED IN .\Output\RL6449_Project\ScalerFormatConversion.obj
COMPILER INVOKED BY: C:\Keil_v5\C51\BIN\C51.EXE Kernel\Scaler\ScalerFunction\Code\ScalerFormatConversion.c LARGE OPTIMIZ
                    -E(9,SPEED) INCDIR(.\Output\RL6449_Project;.\Project\Header;.\Pcb;.\Panel;.\Kernel\Device\Header;.\Kernel\Common;.\Kernel
                    -\System\Header;.\Kernel\Scaler\ScalerFunction\Header;.\Kernel\Scaler\ScalerCommonFunction\Header;.\Kernel\Scaler\ScalerF
                    -unction\Lib\Header;.\Kernel\Scaler\ScalerCommonFunction\Lib\Header;.\Kernel\Scaler\RL6449_Series_Scaler\Header;.\Kernel\
                    -Scaler\RL6449_Series_Scaler\Lib\Header;.\Kernel\Scaler\RL6449_Series_Common\Header;.\Kernel\Scaler\RL6449_Series_Common\
                    -Lib\Header;.\Kernel\User Common Function\Header;.\User\RTD Series\RTD2014Function\Header;.\User\RTD Series\RTD2014Osd\He
                    -ader;.\User\RTD Factory\Header;.\User\None Series\NoneFunction\Header;.\User\None Series\NoneOsd\Header;.\User\None Fact
                    -ory\Header;.\User\RTD Factory\Code) DEFINE(_PROJECT=_RL6449_PROJECT,_SCALER_TYPE=_RL6449_SERIES) DEBUG OBJECTEXTEND PRIN
                    -T(.\Output\RL6449_Project\ScalerFormatConversion.lst) TABS(2) OBJECT(.\Output\RL6449_Project\ScalerFormatConversion.obj)

line level    source

   1          /********************************************************************************/
   2          /*   Copyright (c) 2021 Realtek Semiconductor Corp. All rights reserved.        */
   3          /*                                                                              */
   4          /*   SPDX-License-Identifier: LicenseRef-Realtek-Proprietary                    */
   5          /*                                                                              */
   6          /*   This software component is confidential and proprietary to Realtek         */
   7          /*   Semiconductor Corp. Disclosure, reproduction, redistribution, in whole     */
   8          /*   or in part, of this work and its derivatives without express permission    */
   9          /*   is prohibited.                                                             */
  10          /********************************************************************************/
  11          
  12          //----------------------------------------------------------------------------------------------------
  13          // ID Code      : ScalerFormatConversion.c No.0000
  14          // Update Note  :
  15          //----------------------------------------------------------------------------------------------------
  16          
  17          #include "ScalerFunctionInclude.h"
  18          
  19          #if(_FORMAT_CONVERSION_SUPPORT == _ON)
  20          //****************************************************************************
  21          // DEFINITIONS / MACROS
  22          //****************************************************************************
  23          
  24          //****************************************************************************
  25          // STRUCT / TYPE / ENUM DEFINITTIONS
  26          //****************************************************************************
  27          
  28          //****************************************************************************
  29          // CODE TABLES
  30          //****************************************************************************
  31          
  32          //****************************************************************************
  33          // VARIABLE DECLARATIONS
  34          //****************************************************************************
  35          
  36          //****************************************************************************
  37          // FUNCTION DECLARATIONS
  38          //****************************************************************************
  39          bit ScalerFmtCnvFtoPGetStatus(void);
  40          void ScalerFmtCnvFtoPInterlaceSetting(void);
  41          void ScalerFmtCnvHalfSDControl(bit bEnable);
  42          bit ScalerFmtCnvHalfSDGetStatus(void);
  43          void ScalerFmtCnvHalfSDSetFirstPixel(WORD usHstart);
  44          
  45          //****************************************************************************
  46          // FUNCTION DEFINITIONS
  47          //****************************************************************************
C51 COMPILER V9.60.0.0   SCALERFORMATCONVERSION                                            04/23/2026 13:53:55 PAGE 2   

  48          //--------------------------------------------------
  49          // Description  : EVEN/Odd status
  50          // Input Value  : None
  51          // Output Value : _TRUE or _FALSE
  52          //--------------------------------------------------
  53          bit ScalerFmtCnvFtoPGetStatus(void)
  54          {
  55   1          return (ScalerGetBit(P31_06_FC_EO_LINE_CTRL, _BIT7) == _BIT7);
  56   1      }
  57          
  58          //--------------------------------------------------
  59          // Description  : Set V start line toggle for E/O mode
  60          // Input Value  : None
  61          // Output Value : None
  62          //--------------------------------------------------
  63          void ScalerFmtCnvFtoPInterlaceSetting(void)
  64          {
  65   1          // Check V start changes by field
  66   1          if(ScalerGetBit(P0_13_M1_VGIP_ODD_CTRL, _BIT6) == 0x00)
  67   1          {
  68   2              // Disable Vst toggle
  69   2              ScalerSetBit(P31_0B_FC_FPRMAT_PRO_OUTPUT, ~_BIT7, 0x00);
  70   2          }
  71   1          else
  72   1          {
  73   2              // Enable Vst toggle
  74   2              ScalerSetBit(P31_0B_FC_FPRMAT_PRO_OUTPUT, ~_BIT7, _BIT7);
  75   2      
  76   2              // Check V start is even or odd
  77   2              if((GET_ACTIVE_V_START() & 0x0001) == 0x0001)
  78   2              {
  79   3                  // Check the field with larger V start
  80   3                  if(ScalerGetBit(P0_13_M1_VGIP_ODD_CTRL, _BIT7) == 0x00)
  81   3                  {
  82   4                      ScalerSetBit(P31_0B_FC_FPRMAT_PRO_OUTPUT, ~_BIT6, 0x00);
  83   4                  }
  84   3                  else
  85   3                  {
  86   4                      ScalerSetBit(P31_0B_FC_FPRMAT_PRO_OUTPUT, ~_BIT6, _BIT6);
  87   4                  }
  88   3      
  89   3                  // Disable VGIP odd delay 1 line
  90   3                  ScalerSetBit(P0_13_M1_VGIP_ODD_CTRL, ~_BIT6, 0x00);
  91   3                  ScalerSetBit(P40_13_M2_VGIP_ODD_CTRL, ~_BIT6, 0x00);
  92   3              }
  93   2              else
  94   2              {
  95   3                  // Check the field with larger V start
  96   3                  if(ScalerGetBit(P0_13_M1_VGIP_ODD_CTRL, _BIT7) == 0x00)
  97   3                  {
  98   4                      ScalerSetBit(P31_0B_FC_FPRMAT_PRO_OUTPUT, ~_BIT6, _BIT6);
  99   4                  }
 100   3                  else
 101   3                  {
 102   4                      ScalerSetBit(P31_0B_FC_FPRMAT_PRO_OUTPUT, ~_BIT6, 0x00);
 103   4                  }
 104   3              }
 105   2          }
 106   1      }
 107          
 108          //--------------------------------------------------
 109          // Description  : Control half scaling down on/off
C51 COMPILER V9.60.0.0   SCALERFORMATCONVERSION                                            04/23/2026 13:53:55 PAGE 3   

 110          // Input Value  : _ENABLE or _DISABLE
 111          // Output Value : None
 112          //--------------------------------------------------
 113          void ScalerFmtCnvHalfSDControl(bit bEnable)
 114          {
 115   1          if(bEnable == _ENABLE)
 116   1          {
 117   2              // Enable 1/2 SD
 118   2              ScalerSetBit(P31_05_FC_SD_CTRL, ~_BIT7, 0x00);
 119   2              ScalerSetBit(P31_06_FC_EO_LINE_CTRL, ~_BIT7, 0x00);
 120   2          }
 121   1          else
 122   1          {
 123   2              // Disable 1/2 SD
 124   2              ScalerSetBit(P31_05_FC_SD_CTRL, ~_BIT7, _BIT7);
 125   2          }
 126   1      }
 127          
 128          //--------------------------------------------------
 129          // Description  : Half Scaling down status
 130          // Input Value  : None
 131          // Output Value : _TRUE or _FALSE
 132          //--------------------------------------------------
 133          bit ScalerFmtCnvHalfSDGetStatus(void)
 134          {
 135   1          return ((ScalerGetBit(P31_05_FC_SD_CTRL, _BIT7) == 0x00) && (ScalerGetBit(P31_06_FC_EO_LINE_CTRL, _BIT
             -7) == 0x00));
 136   1      }
 137          
 138          //--------------------------------------------------
 139          // Description  : Set the first pixel for half scaling down
 140          // Input Value  : usHstart --> H start
 141          // Output Value : None
 142          //--------------------------------------------------
 143          void ScalerFmtCnvHalfSDSetFirstPixel(WORD usHstart)
 144          {
 145   1          if((LOBYTE(usHstart) & _BIT0) == 0x00)
 146   1          {
 147   2              // Set first pixel = even
 148   2              ScalerSetBit(P31_05_FC_SD_CTRL, ~_BIT3, _BIT3);
 149   2          }
 150   1          else
 151   1          {
 152   2              // Set first pixel = odd
 153   2              ScalerSetBit(P31_05_FC_SD_CTRL, ~_BIT3, 0x00);
 154   2          }
 155   1      }
 156          #endif // End of #if(_FORMAT_CONVERSION_SUPPORT == _ON)
 157          


MODULE INFORMATION:   STATIC OVERLAYABLE
   CODE SIZE        =    159    ----
   CONSTANT SIZE    =   ----    ----
   XDATA SIZE       =   ----    ----
   PDATA SIZE       =   ----    ----
   DATA SIZE        =   ----    ----
   IDATA SIZE       =   ----    ----
   BIT SIZE         =   ----       1
END OF MODULE INFORMATION.


C51 COMPILATION COMPLETE.  0 WARNING(S),  0 ERROR(S)
