C51 COMPILER V9.60.0.0   SYSINT                                                            04/23/2026 13:53:41 PAGE 1   


C51 COMPILER V9.60.0.0, COMPILATION OF MODULE SYSINT
OBJECT MODULE PLACED IN .\Output\RL6449_Project\SysInt.obj
COMPILER INVOKED BY: C:\Keil_v5\C51\BIN\C51.EXE Kernel\System\Code\SysInt.c LARGE OPTIMIZE(9,SPEED) INCDIR(.\Output\RL64
                    -49_Project;.\Project\Header;.\Pcb;.\Panel;.\Kernel\Device\Header;.\Kernel\Common;.\Kernel\System\Header;.\Kernel\Scaler\
                    -ScalerFunction\Header;.\Kernel\Scaler\ScalerCommonFunction\Header;.\Kernel\Scaler\ScalerFunction\Lib\Header;.\Kernel\Sca
                    -ler\ScalerCommonFunction\Lib\Header;.\Kernel\Scaler\RL6449_Series_Scaler\Header;.\Kernel\Scaler\RL6449_Series_Scaler\Lib
                    -\Header;.\Kernel\Scaler\RL6449_Series_Common\Header;.\Kernel\Scaler\RL6449_Series_Common\Lib\Header;.\Kernel\User Common
                    - Function\Header;.\User\RTD Series\RTD2014Function\Header;.\User\RTD Series\RTD2014Osd\Header;.\User\RTD Factory\Header;
                    -.\User\None Series\NoneFunction\Header;.\User\None Series\NoneOsd\Header;.\User\None Factory\Header;.\User\RTD Factory\C
                    -ode) DEFINE(_PROJECT=_RL6449_PROJECT,_SCALER_TYPE=_RL6449_SERIES) DEBUG OBJECTEXTEND PRINT(.\Output\RL6449_Project\SysIn
                    -t.lst) TABS(2) OBJECT(.\Output\RL6449_Project\SysInt.obj)

line level    source

   1          /********************************************************************************/
   2          /*   Copyright (c) 2021 Realtek Semiconductor Corp. All rights reserved.        */
   3          /*                                                                              */
   4          /*   SPDX-License-Identifier: LicenseRef-Realtek-Proprietary                    */
   5          /*                                                                              */
   6          /*   This software component is confidential and proprietary to Realtek         */
   7          /*   Semiconductor Corp. Disclosure, reproduction, redistribution, in whole     */
   8          /*   or in part, of this work and its derivatives without express permission    */
   9          /*   is prohibited.                                                             */
  10          /********************************************************************************/
  11          
  12          //----------------------------------------------------------------------------------------------------
  13          // ID Code      : SysInt.c No.0000
  14          // Update Note  :
  15          //----------------------------------------------------------------------------------------------------
  16          #define __SYSTEM_INT__
  17          
  18          #include "SysInclude.h"
  19          
  20          //****************************************************************************
  21          // DEFINITIONS / MACROS
  22          //****************************************************************************
  23          
  24          //****************************************************************************
  25          // STRUCT / TYPE / ENUM DEFINITTIONS
  26          //****************************************************************************
  27          
  28          //****************************************************************************
  29          // CODE TABLES
  30          //****************************************************************************
  31          
  32          //****************************************************************************
  33          // VARIABLE DECLARATIONS
  34          //****************************************************************************
  35          // Backup for Burst Write Bug
  36          BYTE g_ucBackup_EXINT0;
  37          BYTE g_ucBackup_EXINT1;
  38          BYTE g_ucBackup_SERIAL;
  39          
  40          //****************************************************************************
  41          // FUNCTION DECLARATIONS
  42          //****************************************************************************
  43          void SysEXINT0(void);
  44          void SysEXINT1(void);
  45          #if(_USB3_RETIMER_SUPPORT == _ON)
              void SysEXINT3(void);
              #endif
C51 COMPILER V9.60.0.0   SYSINT                                                            04/23/2026 13:53:41 PAGE 2   

  48          void SysUartSerialPortIntProc(void);
  49          
  50          //****************************************************************************
  51          // FUNCTION DEFINITIONS
  52          //****************************************************************************
  53          //--------------------------------------------------
  54          // Description  : Interrupt 0 Process
  55          // Input Value  : None
  56          // Output Value : None
  57          //--------------------------------------------------
  58          void SysEXINT0(void)    interrupt 0 using 1
  59          {
  60   1          // Backup for Burst Write Bug
  61   1          g_ucBackup_EXINT0 = MCU_FFF4_SCA_INF_ADDR;
  62   1      
  63   1      #if(_DP_SUPPORT == _ON)
  64   1          if(ScalerDpAuxJudgeHandler_EXINT0() == _TRUE)
  65   1          {
  66   2              // Reload Backup for Burst Write Bug
  67   2              MCU_FFF4_SCA_INF_ADDR = g_ucBackup_EXINT0;
  68   2      
  69   2              return;
  70   2          }
  71   1      #endif
  72   1      
  73   1      #if(_DP_SUPPORT == _ON)
  74   1          ScalerDpIntHandler_EXINT0();
  75   1      #endif
  76   1      
  77   1      #if(_DISPLAY_PREVENT_GARBAGE_METHOD == _GARBAGE_PREVENT_BY_BACKLIGHT)
                  ScalerGlobalPreventGarbageByBacklight_EXINT0();
              #endif
  80   1      
  81   1      #if((_OD_SUPPORT == _ON) && (_FRC_SUPPORT == _ON))
  82   1          // DEN_Start
  83   1          ScalerODIntHandler_EXINT0();
  84   1      #endif
  85   1      
  86   1      #if((_MOTION_BLUR_REDUCTION_SUPPORT == _ON) && (_DRR_MOTION_BLUR_REDUCTION_SUPPORT == _ON))
                  // DEN_Stop
                  ScalerMbrIntHandlerDENStop_EXINT0();
                  // DVS
                  ScalerMbrIntHandlerDVS_EXINT0();
              #endif
  92   1      
  93   1      #if(_MHL_SUPPORT == _ON)
                  ScalerMHLIntHandler_EXINT0();
              #endif
  96   1      
  97   1      #if(_HDCP_2_2_SUPPORT == _ON)
  98   1          ScalerHdcp2IntHandler_EXINT0();
  99   1      #endif
 100   1      
 101   1      #if(_DP_TYPE_C_PORT_CTRL_SUPPORT == _ON)
              
              #if(_PORT_CONTROLLER_EMBEDDED_SUPPORT == _ON)
                  ScalerTypeCIntHandler_EXINT0();
              #endif
              
              #endif
 108   1      
 109   1      #if((_DVI_SUPPORT == _ON) || (_HDMI_SUPPORT == _ON))
C51 COMPILER V9.60.0.0   SYSINT                                                            04/23/2026 13:53:41 PAGE 3   

 110   1      
 111   1      #if(_HDMI_CEC_SUPPORT == _ON)
                  ScalerCecIntHandler_EXINT0();
              #endif
 114   1      
 115   1          if((GET_POWER_STATUS() != _POWER_STATUS_SAVING) && (GET_POWER_STATUS() != _POWER_STATUS_OFF))
 116   1          {
 117   2              ScalerTMDSIntHandler_EXINT0();
 118   2          }
 119   1          else
 120   1          {
 121   2              ScalerTMDSPSIntHandler_EXINT0();
 122   2          }
 123   1      
 124   1      #endif
 125   1      
 126   1      #if(_PANEL_STYLE == _PANEL_VBO)
                  ScalerDisplayVboIntHandler_EXINT0();
              #elif(_PANEL_STYLE == _PANEL_DPTX)
 129   1      #if((_PANEL_DPTX_HPD_DETECT == _ON) && (_PANEL_DPTX_IRQ_HPD_DETECT == _ON))
                  ScalerDisplayDPTxIrqIntHandler_EXINT0();
              #endif
 132   1      #endif
 133   1      
 134   1      #if(_DP_TX_SUPPORT == _ON)
                  ScalerDpTxIntHandle_EXINT0();
              #endif
 137   1      
 138   1      #if(_EMBEDDED_DP_TX_SUPPORT == _ON)
                  ScalerEmbeddedDpTxIntHandle_EXINT0();
              #endif
 141   1      
 142   1      #if(_IR_SUPPORT == _IR_HW_SUPPORT)
 143   1          ScalerIRHWModeIntHandler_EXINT0();
 144   1      #endif
 145   1      
 146   1      #if(_LC_TANK_SUPPORT == _ON)
              #if(_XTALESS_SUPPORT == _ON)
                  ScalerLCTankDpllRegulation_EXINT0();
              #endif
              #endif
 151   1      
 152   1      #if(_AUDIO_SUPPORT == _ON)
 153   1      #if(_AUDIO_TTS_SUPPORT_TYPE == _AUDIO_TTS_EMBEDDED_TYPE)
                  ScalerAudioTtsIntHandler_EXINT0();
              #endif // End of #if(_AUDIO_TTS_SUPPORT_TYPE == _AUDIO_TTS_EMBEDDED_TYPE)
 156   1      #endif
 157   1      
 158   1      #if(_DP_SUPPORT == _ON)
 159   1          ScalerDpExitIntSetting_EXINT0();
 160   1      #endif
 161   1      
 162   1          // Reload Backup for Burst Write Bug
 163   1          MCU_FFF4_SCA_INF_ADDR = g_ucBackup_EXINT0;
 164   1      }
 165          
 166          //--------------------------------------------------
 167          // Description  : Interrupt 1 Process
 168          // Input Value  : None
 169          // Output Value : None
 170          //--------------------------------------------------
 171          void SysEXINT1(void)    interrupt 2 using 2
C51 COMPILER V9.60.0.0   SYSINT                                                            04/23/2026 13:53:41 PAGE 4   

 172          {
 173   1          // Backup for Burst Write Bug
 174   1          g_ucBackup_EXINT1 = MCU_FFF4_SCA_INF_ADDR;
 175   1      
 176   1          // User Case for adding EXT_INT1 function
 177   1      #if(_EXT_INT1_SUPPORT == _ON)
                  if((MCU_FFB9_EXT_INT1_CONTROL & _BIT3) == _BIT3)
                  {
                      // Clear int1_status flag
                      MCU_FFB9_EXT_INT1_CONTROL |= _BIT3;
                      UserInterfaceEXTINT1Handler_EXINT1();
                  }
              #endif
 185   1      
 186   1      #if((_DVI_SUPPORT == _ON) || (_HDMI_SUPPORT == _ON))
 187   1          ScalerSyncDdcDetect_EXINT1();
 188   1      #endif
 189   1      
 190   1      #if(_FW_UPDATE_PROCESS_SUPPORT == _ON)
                  if((bit)UserCommonFwUpdateGetStatus_EXINT1() == _TRUE)
                  {
                      UserCommonFwUpdateIntProc_EXINT1();
                  }
              #if(_FW_UPDATE_DDCCI_SEL == _FW_UPDATE_SEL_DDCCI0)
                  else
              #endif
              #endif
 199   1          {
 200   2      #if(_DEBUG_MESSAGE_SUPPORT == _ON)
                      ScalerDebugIntProc_EXINT1();
              #else
 203   2      
 204   2      #if(_DDCCI_CODE_REDUCTION == _OFF)
 205   2              if((bit)UserCommonInterfaceGetDdcciStatus_EXINT1() == _TRUE)
 206   2              {
 207   3                  UserCommonInterfaceDdcciIntGetData_EXINT1();
 208   3              }
 209   2              else
 210   2      #endif
 211   2              {
 212   3                  ScalerDebugIntProc_EXINT1();
 213   3              }
 214   2      #endif
 215   2          }
 216   1      
 217   1      #if(_AUTO_TEST_SUPPORT == _ON)
                  SysAutotestIntProc_EXINT1();
              #endif
 220   1      
 221   1          // Reload Backup for Burst Write Bug
 222   1          MCU_FFF4_SCA_INF_ADDR = g_ucBackup_EXINT1;
 223   1      }
 224          
 225          #if(_USB3_RETIMER_SUPPORT == _ON)
              //--------------------------------------------------
              // Description  : Interrupt 3 Process
              // Input Value  : None
              // Output Value : None
              //--------------------------------------------------
              void SysEXINT3(void)    interrupt 9
              {
                  ScalerUSB3RetimerIntHandler_EXINT3();
C51 COMPILER V9.60.0.0   SYSINT                                                            04/23/2026 13:53:41 PAGE 5   

              
                  EXIF &= ~_BIT5;
              
                  MCU_FFC2_IRQ_PRIORITY_1 = ((MCU_FFC2_IRQ_PRIORITY_1 & ~(_BIT7 | _BIT6)) | 0x00);
                  MCU_FFC2_IRQ_PRIORITY_1 = ((MCU_FFC2_IRQ_PRIORITY_1 & ~(_BIT7 | _BIT6)) | _BIT7);
              }
              #endif
 241          
 242          //--------------------------------------------------
 243          // Description  : Serial Port0 Interrupt Process
 244          // Input Value  : None
 245          // Output Value : None
 246          //--------------------------------------------------
 247          void SysUartSerialPortIntProc(void)    interrupt 4
 248          {
 249   1          // Backup for Burst Write Bug
 250   1          g_ucBackup_SERIAL = MCU_FFF4_SCA_INF_ADDR;
 251   1      
 252   1      #if(_UART_SUPPORT == _ON)
                  if(GET_UART_TRANSMIT_STATUS() == _TRUE)
                  {
                      CLR_UART_TRANSMIT_STATUS();
                  }
              
                  UserInterfaceUartIntHandler_SERIALPORT();
              #endif
 260   1      
 261   1          // Reload Backup for Burst Write Bug
 262   1          MCU_FFF4_SCA_INF_ADDR = g_ucBackup_SERIAL;
 263   1      }
 264          


MODULE INFORMATION:   STATIC OVERLAYABLE
   CODE SIZE        =    175    ----
   CONSTANT SIZE    =   ----    ----
   XDATA SIZE       =      3    ----
   PDATA SIZE       =   ----    ----
   DATA SIZE        =   ----    ----
   IDATA SIZE       =   ----    ----
   BIT SIZE         =   ----    ----
END OF MODULE INFORMATION.


C51 COMPILATION COMPLETE.  0 WARNING(S),  0 ERROR(S)
