C51 COMPILER V9.60.0.0   USERCOMMONFWUPDATEPASSWORD                                        04/23/2026 13:55:11 PAGE 1   


C51 COMPILER V9.60.0.0, COMPILATION OF MODULE USERCOMMONFWUPDATEPASSWORD
OBJECT MODULE PLACED IN .\Output\RL6449_Project\UserCommonFwUpdatePassword.obj
COMPILER INVOKED BY: C:\Keil_v5\C51\BIN\C51.EXE Kernel\User Common Function\Code\UserCommonFwUpdatePassword.c LARGE OPTI
                    -MIZE(9,SPEED) INCDIR(.\Output\RL6449_Project;.\Project\Header;.\Pcb;.\Panel;.\Kernel\Device\Header;.\Kernel\Common;.\Ker
                    -nel\System\Header;.\Kernel\Scaler\ScalerFunction\Header;.\Kernel\Scaler\ScalerCommonFunction\Header;.\Kernel\Scaler\Scal
                    -erFunction\Lib\Header;.\Kernel\Scaler\ScalerCommonFunction\Lib\Header;.\Kernel\Scaler\RL6449_Series_Scaler\Header;.\Kern
                    -el\Scaler\RL6449_Series_Scaler\Lib\Header;.\Kernel\Scaler\RL6449_Series_Common\Header;.\Kernel\Scaler\RL6449_Series_Comm
                    -on\Lib\Header;.\Kernel\User Common Function\Header;.\User\RTD Series\RTD2014Function\Header;.\User\RTD Series\RTD2014Osd
                    -\Header;.\User\RTD Factory\Header;.\User\None Series\NoneFunction\Header;.\User\None Series\NoneOsd\Header;.\User\None F
                    -actory\Header;.\User\RTD Factory\Code) DEFINE(_PROJECT=_RL6449_PROJECT,_SCALER_TYPE=_RL6449_SERIES) DEBUG OBJECTEXTEND P
                    -RINT(.\Output\RL6449_Project\UserCommonFwUpdatePassword.lst) TABS(2) OBJECT(.\Output\RL6449_Project\UserCommonFwUpdatePa
                    -ssword.obj)

line level    source

   1          /********************************************************************************/
   2          /*   Copyright (c) 2021 Realtek Semiconductor Corp. All rights reserved.        */
   3          /*                                                                              */
   4          /*   SPDX-License-Identifier: LicenseRef-Realtek-Proprietary                    */
   5          /*                                                                              */
   6          /*   This software component is confidential and proprietary to Realtek         */
   7          /*   Semiconductor Corp. Disclosure, reproduction, redistribution, in whole     */
   8          /*   or in part, of this work and its derivatives without express permission    */
   9          /*   is prohibited.                                                             */
  10          /********************************************************************************/
  11          
  12          //----------------------------------------------------------------------------------------------------
  13          // ID Code      : UserCommonFwUpdatePassword.c No.0000
  14          // Update Note  :
  15          //----------------------------------------------------------------------------------------------------
  16          
  17          #define __USER_COMMON_FW_UPDATE_PASSWORD_TABLE__
  18          
  19          #include "UserCommonInclude.h"
  20          
  21          #if(_FW_UPDATE_FOREGROUND_SUPPORT == _ON)
              #if(_FW_UPDATE_CHECK_TYPE == _FW_UPDATE_CHECK_PASSWORD)
              //****************************************************************************
              // DEFINITIONS / MACROS
              //****************************************************************************
              
              //****************************************************************************
              // STRUCT / TYPE / ENUM DEFINITTIONS
              //****************************************************************************
              
              //****************************************************************************
              // CODE TABLES
              //****************************************************************************
              BYTE code tFwPassword[] =
              {
                  _FW_UPDATE_PASSWORD_DATA,
              };
              
              //****************************************************************************
              // VARIABLE DECLARATIONS
              //****************************************************************************
              
              
              //****************************************************************************
              // FUNCTION DECLARATIONS
              //****************************************************************************
C51 COMPILER V9.60.0.0   USERCOMMONFWUPDATEPASSWORD                                        04/23/2026 13:55:11 PAGE 2   

              bit UserCommonFwUpdatePasswordVerify(BYTE ucBank, WORD usAddr);
              
              
              //****************************************************************************
              // FUNCTION DEFINITIONS
              //****************************************************************************
              //--------------------------------------------------
              // Description  : Fw Update Password Verify
              // Input Value  : None
              // Output Value : None
              //--------------------------------------------------
              bit UserCommonFwUpdatePasswordVerify(BYTE ucBank, WORD usAddr)
              {
                  BYTE pucPasswordTable[sizeof(tFwPassword)];
              
                  // Read BootTable data from Flash
                  UserCommonFlashRead(ucBank, usAddr, sizeof(tFwPassword), pucPasswordTable);
              
                  // Check user-defined user/boot code id
                  if(memcmp(tFwPassword, pucPasswordTable, sizeof(tFwPassword)) == 0)
                  {
                      // Check success; return user bank address
                      return _TRUE;
                  }
                  return _FALSE;
              }
              
              #endif // End #if(_FW_UPDATE_CHECK_TYPE == _FW_UPDATE_CHECK_PASSWORD)
              
              #endif  // End #if(_FW_UPDATE_PROCESS_SUPPORT == _ON)
  77          


MODULE INFORMATION:   STATIC OVERLAYABLE
   CODE SIZE        =   ----    ----
   CONSTANT SIZE    =   ----    ----
   XDATA SIZE       =   ----    ----
   PDATA SIZE       =   ----    ----
   DATA SIZE        =   ----    ----
   IDATA SIZE       =   ----    ----
   BIT SIZE         =   ----    ----
END OF MODULE INFORMATION.


C51 COMPILATION COMPLETE.  0 WARNING(S),  0 ERROR(S)
